<html>
<body>
<pre>
<h1>µVision Build Log</h1>
<h2>Project:</h2>
C:\Users\mwerezak\Desktop\ECE455\Lab1\HW_timer\lab1_sw_timer.uvproj
Project File Date:  05/22/2016

<h2>Output:</h2>
Build target 'LPC1768 Flash'
assembling startup_LPC17xx.s...
compiling GLCD_SPI_LPC1700.c...
compiling system_LPC17xx.c...
compiling main.c...
linking...
Program Size: Code=4044 RO-data=6528 RW-data=20 ZI-data=612  
"lab1_sw_timer.axf" - 0 Error(s), 0 Warning(s).
Load "C:\\Users\\mwerezak\\Desktop\\ECE455\\Lab1\\HW_timer\\lab1_sw_timer.AXF" 
Erase Done.
Programming Done.
Verify OK.
