ARM Linker, 4.1 [Build 567] [Evaluation]

==============================================================================

Section Cross References

    startup_lpc17xx.o(STACK) refers (Special) to heapauxi.o(.text) for __use_two_region_memory
    startup_lpc17xx.o(HEAP) refers (Special) to heapauxi.o(.text) for __use_two_region_memory
    startup_lpc17xx.o(RESET) refers (Special) to heapauxi.o(.text) for __use_two_region_memory
    startup_lpc17xx.o(RESET) refers to startup_lpc17xx.o(STACK) for __initial_sp
    startup_lpc17xx.o(RESET) refers to startup_lpc17xx.o(.text) for Reset_Handler
    startup_lpc17xx.o(RESET) refers to main.o(.text) for TIMER0_IRQHandler
    startup_lpc17xx.o(.ARM.__at_0x02FC) refers (Special) to heapauxi.o(.text) for __use_two_region_memory
    startup_lpc17xx.o(.text) refers (Special) to heapauxi.o(.text) for __use_two_region_memory
    startup_lpc17xx.o(.text) refers to __main.o(!!!main) for __main
    startup_lpc17xx.o(.text) refers to startup_lpc17xx.o(HEAP) for Heap_Mem
    startup_lpc17xx.o(.text) refers to startup_lpc17xx.o(STACK) for Stack_Mem
    glcd_spi_lpc1700.o(.text) refers to glcd_spi_lpc1700.o(.data) for driverCode
    glcd_spi_lpc1700.o(.text) refers to glcd_spi_lpc1700.o(.constdata) for Font_6x8_h
    system_lpc17xx.o(.text) refers to system_lpc17xx.o(.data) for SystemFrequency
    main.o(.text) refers to _printf_pad.o(.text) for _printf_pre_padding
    main.o(.text) refers to _printf_percent.o(.ARM.Collect$$_printf_percent$$00000000) for _printf_percent
    main.o(.text) refers to _printf_u.o(.ARM.Collect$$_printf_percent$$0000000A) for _printf_u
    main.o(.text) refers to _printf_dec.o(.text) for _printf_int_dec
    main.o(.text) refers to noretval__2snprintf.o(.text) for __2snprintf
    main.o(.text) refers to glcd_spi_lpc1700.o(.text) for GLCD_DisplayString
    main.o(.text) refers to system_lpc17xx.o(.text) for SystemInit
    main.o(.text) refers to system_lpc17xx.o(.data) for SystemFrequency
    main.o(.text) refers to main.o(.data) for updateClock
    __2snprintf.o(.text) refers to _printf_char_common.o(.text) for _printf_char_common
    __2snprintf.o(.text) refers to _sputc.o(.text) for _sputc
    __2snprintf.o(.text) refers to _snputc.o(.text) for _snputc
    noretval__2snprintf.o(.text) refers to _printf_char_common.o(.text) for _printf_char_common
    noretval__2snprintf.o(.text) refers to _sputc.o(.text) for _sputc
    noretval__2snprintf.o(.text) refers to _snputc.o(.text) for _snputc
    __printf.o(.text) refers to _printf_percent.o(.ARM.Collect$$_printf_percent$$00000000) for _printf_percent
    _printf_dec.o(.text) refers to _printf_intcommon.o(.text) for _printf_int_common
    __printf_flags.o(.text) refers to _printf_percent.o(.ARM.Collect$$_printf_percent$$00000000) for _printf_percent
    __printf_flags.o(.text) refers to __printf_flags.o(.constdata) for .constdata
    __printf_ss.o(.text) refers to _printf_percent.o(.ARM.Collect$$_printf_percent$$00000000) for _printf_percent
    __printf_flags_ss.o(.text) refers to _printf_percent.o(.ARM.Collect$$_printf_percent$$00000000) for _printf_percent
    __printf_flags_ss.o(.text) refers to __printf_flags_ss.o(.constdata) for .constdata
    __printf_wp.o(.text) refers to _printf_percent.o(.ARM.Collect$$_printf_percent$$00000000) for _printf_percent
    __printf_flags_wp.o(.text) refers to _printf_percent.o(.ARM.Collect$$_printf_percent$$00000000) for _printf_percent
    __printf_flags_wp.o(.text) refers to __printf_flags_wp.o(.constdata) for .constdata
    __printf_ss_wp.o(.text) refers to _printf_percent.o(.ARM.Collect$$_printf_percent$$00000000) for _printf_percent
    __printf_flags_ss_wp.o(.text) refers to _printf_percent.o(.ARM.Collect$$_printf_percent$$00000000) for _printf_percent
    __printf_flags_ss_wp.o(.text) refers to __printf_flags_ss_wp.o(.constdata) for .constdata
    _printf_u.o(.ARM.Collect$$_printf_percent$$0000000A) refers (Weak) to _printf_dec.o(.text) for _printf_int_dec
    _printf_percent.o(.ARM.Collect$$_printf_percent$$00000000) refers (Special) to _printf_percent_end.o(.ARM.Collect$$_printf_percent$$00000017) for _printf_percent_end
    __main.o(!!!main) refers to rtentry.o(.ARM.Collect$$rtentry$$00000000) for __rt_entry
    rtentry.o(.ARM.Collect$$rtentry$$00000000) refers (Special) to rtentry2.o(.ARM.Collect$$rtentry$$0000000A) for __rt_entry_li
    rtentry.o(.ARM.Collect$$rtentry$$00000000) refers (Special) to rtentry2.o(.ARM.Collect$$rtentry$$0000000D) for __rt_entry_main
    rtentry.o(.ARM.Collect$$rtentry$$00000000) refers (Special) to rtentry2.o(.ARM.Collect$$rtentry$$0000000C) for __rt_entry_postli_1
    rtentry.o(.ARM.Collect$$rtentry$$00000000) refers (Special) to rtentry2.o(.ARM.Collect$$rtentry$$00000009) for __rt_entry_postsh_1
    rtentry.o(.ARM.Collect$$rtentry$$00000000) refers (Special) to rtentry2.o(.ARM.Collect$$rtentry$$00000002) for __rt_entry_presh_1
    rtentry.o(.ARM.Collect$$rtentry$$00000000) refers (Special) to rtentry4.o(.ARM.Collect$$rtentry$$00000004) for __rt_entry_sh
    rtentry.o(.ARM.exidx) refers (Special) to rtentry2.o(.ARM.Collect$$rtentry$$0000000A) for __rt_entry_li
    rtentry.o(.ARM.exidx) refers (Special) to rtentry2.o(.ARM.Collect$$rtentry$$0000000D) for __rt_entry_main
    rtentry.o(.ARM.exidx) refers (Special) to rtentry2.o(.ARM.Collect$$rtentry$$0000000C) for __rt_entry_postli_1
    rtentry.o(.ARM.exidx) refers (Special) to rtentry2.o(.ARM.Collect$$rtentry$$00000009) for __rt_entry_postsh_1
    rtentry.o(.ARM.exidx) refers (Special) to rtentry2.o(.ARM.Collect$$rtentry$$00000002) for __rt_entry_presh_1
    rtentry.o(.ARM.exidx) refers (Special) to rtentry4.o(.ARM.Collect$$rtentry$$00000004) for __rt_entry_sh
    rtentry.o(.ARM.exidx) refers to rtentry.o(.ARM.Collect$$rtentry$$00000000) for .ARM.Collect$$rtentry$$00000000
    _printf_intcommon.o(.text) refers (Weak) to _printf_pad.o(.text) for _printf_pre_padding
    _printf_intcommon.o(.text) refers (Weak) to _printf_pad.o(.text) for _printf_pre_padding
    _printf_intcommon.o(.text) refers (Weak) to _printf_pad.o(.text) for _printf_post_padding
    _printf_char_common.o(.text) refers to __printf_flags_wp.o(.text) for __printf
    rtentry2.o(.ARM.Collect$$rtentry$$00000008) refers to boardinit2.o(.text) for _platform_post_stackheap_init
    rtentry2.o(.ARM.Collect$$rtentry$$0000000A) refers to libinit.o(.ARM.Collect$$libinit$$00000000) for __rt_lib_init
    rtentry2.o(.ARM.Collect$$rtentry$$0000000B) refers to boardinit3.o(.text) for _platform_post_lib_init
    rtentry2.o(.ARM.Collect$$rtentry$$0000000D) refers to main.o(.text) for main
    rtentry2.o(.ARM.Collect$$rtentry$$0000000D) refers to exit.o(.text) for exit
    rtentry2.o(.ARM.exidx) refers to rtentry2.o(.ARM.Collect$$rtentry$$00000001) for .ARM.Collect$$rtentry$$00000001
    rtentry2.o(.ARM.exidx) refers to rtentry2.o(.ARM.Collect$$rtentry$$00000002) for .ARM.Collect$$rtentry$$00000002
    rtentry2.o(.ARM.exidx) refers to rtentry2.o(.ARM.Collect$$rtentry$$00000008) for .ARM.Collect$$rtentry$$00000008
    rtentry2.o(.ARM.exidx) refers to rtentry2.o(.ARM.Collect$$rtentry$$00000009) for .ARM.Collect$$rtentry$$00000009
    rtentry2.o(.ARM.exidx) refers to rtentry2.o(.ARM.Collect$$rtentry$$0000000A) for .ARM.Collect$$rtentry$$0000000A
    rtentry2.o(.ARM.exidx) refers to rtentry2.o(.ARM.Collect$$rtentry$$0000000B) for .ARM.Collect$$rtentry$$0000000B
    rtentry2.o(.ARM.exidx) refers to rtentry2.o(.ARM.Collect$$rtentry$$0000000C) for .ARM.Collect$$rtentry$$0000000C
    rtentry2.o(.ARM.exidx) refers to rtentry2.o(.ARM.Collect$$rtentry$$0000000D) for .ARM.Collect$$rtentry$$0000000D
    rtentry4.o(.ARM.Collect$$rtentry$$00000004) refers to sys_stackheap_outer.o(.text) for __user_setup_stackheap
    rtentry4.o(.ARM.exidx) refers to rtentry4.o(.ARM.Collect$$rtentry$$00000004) for .ARM.Collect$$rtentry$$00000004
    sys_stackheap_outer.o(.text) refers to libspace.o(.text) for __user_perproc_libspace
    sys_stackheap_outer.o(.text) refers to startup_lpc17xx.o(.text) for __user_initial_stackheap
    exit.o(.text) refers to rtexit.o(.ARM.Collect$$rtexit$$00000000) for __rt_exit
    libinit.o(.ARM.Collect$$libinit$$00000000) refers (Special) to libinit2.o(.ARM.Collect$$libinit$$0000002A) for __rt_lib_init_alloca_1
    libinit.o(.ARM.Collect$$libinit$$00000000) refers (Special) to libinit2.o(.ARM.Collect$$libinit$$00000028) for __rt_lib_init_argv_1
    libinit.o(.ARM.Collect$$libinit$$00000000) refers (Special) to libinit2.o(.ARM.Collect$$libinit$$00000017) for __rt_lib_init_atexit_1
    libinit.o(.ARM.Collect$$libinit$$00000000) refers (Special) to libinit2.o(.ARM.Collect$$libinit$$0000001D) for __rt_lib_init_clock_1
    libinit.o(.ARM.Collect$$libinit$$00000000) refers (Special) to libinit2.o(.ARM.Collect$$libinit$$0000002E) for __rt_lib_init_cpp_1
    libinit.o(.ARM.Collect$$libinit$$00000000) refers (Special) to libinit2.o(.ARM.Collect$$libinit$$0000002C) for __rt_lib_init_exceptions_1
    libinit.o(.ARM.Collect$$libinit$$00000000) refers (Special) to libinit2.o(.ARM.Collect$$libinit$$0000001B) for __rt_lib_init_fp_trap_1
    libinit.o(.ARM.Collect$$libinit$$00000000) refers (Special) to libinit2.o(.ARM.Collect$$libinit$$0000001F) for __rt_lib_init_getenv_1
    libinit.o(.ARM.Collect$$libinit$$00000000) refers (Special) to libinit2.o(.ARM.Collect$$libinit$$00000006) for __rt_lib_init_heap_1
    libinit.o(.ARM.Collect$$libinit$$00000000) refers (Special) to libinit2.o(.ARM.Collect$$libinit$$0000000D) for __rt_lib_init_lc_collate_1
    libinit.o(.ARM.Collect$$libinit$$00000000) refers (Special) to libinit2.o(.ARM.Collect$$libinit$$0000000F) for __rt_lib_init_lc_ctype_1
    libinit.o(.ARM.Collect$$libinit$$00000000) refers (Special) to libinit2.o(.ARM.Collect$$libinit$$00000011) for __rt_lib_init_lc_monetary_1
    libinit.o(.ARM.Collect$$libinit$$00000000) refers (Special) to libinit2.o(.ARM.Collect$$libinit$$00000013) for __rt_lib_init_lc_numeric_1
    libinit.o(.ARM.Collect$$libinit$$00000000) refers (Special) to libinit2.o(.ARM.Collect$$libinit$$00000015) for __rt_lib_init_lc_time_1
    libinit.o(.ARM.Collect$$libinit$$00000000) refers (Special) to libinit2.o(.ARM.Collect$$libinit$$0000000A) for __rt_lib_init_rand_1
    libinit.o(.ARM.Collect$$libinit$$00000000) refers (Special) to libinit2.o(.ARM.Collect$$libinit$$0000002F) for __rt_lib_init_return
    libinit.o(.ARM.Collect$$libinit$$00000000) refers (Special) to libinit2.o(.ARM.Collect$$libinit$$00000019) for __rt_lib_init_signal_1
    libinit.o(.ARM.Collect$$libinit$$00000000) refers (Special) to libinit2.o(.ARM.Collect$$libinit$$00000021) for __rt_lib_init_stdio_1
    libinit.o(.ARM.Collect$$libinit$$00000000) refers (Special) to libinit2.o(.ARM.Collect$$libinit$$00000008) for __rt_lib_init_user_alloc_1
    libinit.o(.ARM.Collect$$libinit$$00000000) refers to fpinit.o(x$fpl$fpinit) for _fp_init
    libspace.o(.text) refers to libspace.o(.bss) for __libspace_start
    rtexit.o(.ARM.Collect$$rtexit$$00000000) refers (Special) to rtexit2.o(.ARM.Collect$$rtexit$$00000004) for __rt_exit_exit
    rtexit.o(.ARM.Collect$$rtexit$$00000000) refers (Special) to rtexit2.o(.ARM.Collect$$rtexit$$00000003) for __rt_exit_ls
    rtexit.o(.ARM.Collect$$rtexit$$00000000) refers (Special) to rtexit2.o(.ARM.Collect$$rtexit$$00000002) for __rt_exit_prels_1
    rtexit.o(.ARM.exidx) refers (Special) to rtexit2.o(.ARM.Collect$$rtexit$$00000004) for __rt_exit_exit
    rtexit.o(.ARM.exidx) refers (Special) to rtexit2.o(.ARM.Collect$$rtexit$$00000003) for __rt_exit_ls
    rtexit.o(.ARM.exidx) refers (Special) to rtexit2.o(.ARM.Collect$$rtexit$$00000002) for __rt_exit_prels_1
    rtexit.o(.ARM.exidx) refers to rtexit.o(.ARM.Collect$$rtexit$$00000000) for .ARM.Collect$$rtexit$$00000000
    libinit2.o(.ARM.Collect$$libinit$$0000000C) refers to libinit2.o(.ARM.Collect$$libinit$$0000000B) for .ARM.Collect$$libinit$$0000000B
    libinit2.o(.ARM.Collect$$libinit$$0000000E) refers to libinit2.o(.ARM.Collect$$libinit$$0000000B) for .ARM.Collect$$libinit$$0000000B
    libinit2.o(.ARM.Collect$$libinit$$00000010) refers to libinit2.o(.ARM.Collect$$libinit$$0000000B) for .ARM.Collect$$libinit$$0000000B
    libinit2.o(.ARM.Collect$$libinit$$00000012) refers to libinit2.o(.ARM.Collect$$libinit$$0000000B) for .ARM.Collect$$libinit$$0000000B
    libinit2.o(.ARM.Collect$$libinit$$00000014) refers to libinit2.o(.ARM.Collect$$libinit$$0000000B) for .ARM.Collect$$libinit$$0000000B
    libinit2.o(.ARM.Collect$$libinit$$00000022) refers to argv_veneer.o(.emb_text) for __ARM_argv_veneer
    libinit2.o(.ARM.Collect$$libinit$$00000023) refers to argv_veneer.o(.emb_text) for __ARM_argv_veneer
    fpinit.o(x$fpl$fpinit) refers to rt_fp_status_addr_intlibspace.o(.text) for __rt_fp_status_addr
    rtexit2.o(.ARM.Collect$$rtexit$$00000003) refers to libshutdown.o(.ARM.Collect$$libshutdown$$00000000) for __rt_lib_shutdown
    rtexit2.o(.ARM.Collect$$rtexit$$00000004) refers to sys_exit.o(.text) for _sys_exit
    rtexit2.o(.ARM.exidx) refers to rtexit2.o(.ARM.Collect$$rtexit$$00000001) for .ARM.Collect$$rtexit$$00000001
    rtexit2.o(.ARM.exidx) refers to rtexit2.o(.ARM.Collect$$rtexit$$00000002) for .ARM.Collect$$rtexit$$00000002
    rtexit2.o(.ARM.exidx) refers to rtexit2.o(.ARM.Collect$$rtexit$$00000003) for .ARM.Collect$$rtexit$$00000003
    rtexit2.o(.ARM.exidx) refers to rtexit2.o(.ARM.Collect$$rtexit$$00000004) for .ARM.Collect$$rtexit$$00000004
    rt_fp_status_addr.o(.text) refers to rt_fp_status_addr.o(.bss) for __rt_fp_status_addr_data
    rt_fp_status_addr_intlibspace.o(.text) refers to libspace.o(.bss) for __libspace_start
    argv_veneer.o(.emb_text) refers to no_argv.o(.text) for __ARM_get_argv
    sys_exit.o(.text) refers (Special) to use_no_semi.o(.text) for __I$use$semihosting
    _get_argv_nomalloc.o(.text) refers (Special) to hrguard.o(.text) for __heap_region$guard
    _get_argv_nomalloc.o(.text) refers to defsig_rtmem_outer.o(.text) for __rt_SIGRTMEM
    _get_argv_nomalloc.o(.text) refers to sys_command.o(.text) for _sys_command_string
    libshutdown.o(.ARM.Collect$$libshutdown$$00000000) refers (Special) to libshutdown2.o(.ARM.Collect$$libshutdown$$00000006) for __rt_lib_shutdown_fp_trap_1
    libshutdown.o(.ARM.Collect$$libshutdown$$00000000) refers (Special) to libshutdown2.o(.ARM.Collect$$libshutdown$$0000000E) for __rt_lib_shutdown_heap_1
    libshutdown.o(.ARM.Collect$$libshutdown$$00000000) refers (Special) to libshutdown2.o(.ARM.Collect$$libshutdown$$0000000F) for __rt_lib_shutdown_return
    libshutdown.o(.ARM.Collect$$libshutdown$$00000000) refers (Special) to libshutdown2.o(.ARM.Collect$$libshutdown$$00000009) for __rt_lib_shutdown_signal_1
    libshutdown.o(.ARM.Collect$$libshutdown$$00000000) refers (Special) to libshutdown2.o(.ARM.Collect$$libshutdown$$00000003) for __rt_lib_shutdown_stdio_1
    libshutdown.o(.ARM.Collect$$libshutdown$$00000000) refers (Special) to libshutdown2.o(.ARM.Collect$$libshutdown$$0000000B) for __rt_lib_shutdown_user_alloc_1
    sys_command.o(.text) refers (Special) to use_no_semi.o(.text) for __I$use$semihosting
    defsig_rtmem_outer.o(.text) refers to defsig_rtmem_inner.o(.text) for __rt_SIGRTMEM_inner
    defsig_rtmem_outer.o(.text) refers to defsig_exit.o(.text) for __sig_exit
    defsig_rtmem_formal.o(.text) refers to rt_raise.o(.text) for __rt_raise
    rt_raise.o(.text) refers to __raise.o(.text) for __raise
    rt_raise.o(.text) refers to sys_exit.o(.text) for _sys_exit
    defsig_exit.o(.text) refers to sys_exit.o(.text) for _sys_exit
    defsig_rtmem_inner.o(.text) refers to defsig_general.o(.text) for __default_signal_display
    __raise.o(.text) refers to defsig.o(CL$$defsig) for __default_signal_handler
    defsig_general.o(.text) refers to sys_wrch.o(.text) for _ttywrch
    sys_wrch.o(.text) refers (Special) to use_no_semi.o(.text) for __I$use$semihosting
    defsig.o(CL$$defsig) refers to defsig_rtmem_inner.o(.text) for __rt_SIGRTMEM_inner
    defsig_abrt_inner.o(.text) refers to defsig_general.o(.text) for __default_signal_display
    defsig_fpe_inner.o(.text) refers to defsig_general.o(.text) for __default_signal_display
    defsig_rtred_inner.o(.text) refers to defsig_general.o(.text) for __default_signal_display
    defsig_stak_inner.o(.text) refers to defsig_general.o(.text) for __default_signal_display
    defsig_pvfn_inner.o(.text) refers to defsig_general.o(.text) for __default_signal_display
    defsig_cppl_inner.o(.text) refers to defsig_general.o(.text) for __default_signal_display
    defsig_segv_inner.o(.text) refers to defsig_general.o(.text) for __default_signal_display
    defsig_other.o(.text) refers to defsig_general.o(.text) for __default_signal_display


==============================================================================

Removing Unused input sections from the image.

    Removing glcd_spi_lpc1700.o(.emb_text), (8 bytes).
    Removing system_lpc17xx.o(.emb_text), (8 bytes).
    Removing main.o(.emb_text), (8 bytes).

3 unused section(s) (total 24 bytes) removed from the image.

==============================================================================

Image Symbol Table

    Local Symbols

    Symbol Name                              Value     Ov Type        Size  Object(Section)

    RESET                                    0x00000000   Section      204  startup_lpc17xx.o(RESET)
    ../../angel/boardlib.s                   0x00000000   Number         0  boardinit1.o ABSOLUTE
    ../../angel/boardlib.s                   0x00000000   Number         0  boardinit2.o ABSOLUTE
    ../../angel/boardlib.s                   0x00000000   Number         0  boardinit3.o ABSOLUTE
    ../../angel/boardlib.s                   0x00000000   Number         0  boardshut.o ABSOLUTE
    ../../angel/handlers.s                   0x00000000   Number         0  __scatter_copy.o ABSOLUTE
    ../../angel/handlers.s                   0x00000000   Number         0  __scatter_zi.o ABSOLUTE
    ../../angel/kernel.s                     0x00000000   Number         0  rtexit2.o ABSOLUTE
    ../../angel/kernel.s                     0x00000000   Number         0  rtentry4.o ABSOLUTE
    ../../angel/kernel.s                     0x00000000   Number         0  rtentry2.o ABSOLUTE
    ../../angel/kernel.s                     0x00000000   Number         0  rtexit.o ABSOLUTE
    ../../angel/kernel.s                     0x00000000   Number         0  rtentry.o ABSOLUTE
    ../../angel/rt.s                         0x00000000   Number         0  rt_fp_status_addr.o ABSOLUTE
    ../../angel/rt.s                         0x00000000   Number         0  rt_raise.o ABSOLUTE
    ../../angel/rt.s                         0x00000000   Number         0  rt_fp_status_addr_intlibspace.o ABSOLUTE
    ../../angel/scatter.s                    0x00000000   Number         0  __scatter.o ABSOLUTE
    ../../angel/startup.s                    0x00000000   Number         0  __main.o ABSOLUTE
    ../../angel/sys.s                        0x00000000   Number         0  libspace.o ABSOLUTE
    ../../angel/sys.s                        0x00000000   Number         0  sys_stackheap_outer.o ABSOLUTE
    ../../angel/sys.s                        0x00000000   Number         0  use_no_semi.o ABSOLUTE
    ../../angel/sysapp.c                     0x00000000   Number         0  sys_wrch.o ABSOLUTE
    ../../angel/sysapp.c                     0x00000000   Number         0  sys_command.o ABSOLUTE
    ../../angel/sysapp.c                     0x00000000   Number         0  sys_exit.o ABSOLUTE
    ../../armsys.c                           0x00000000   Number         0  no_argv.o ABSOLUTE
    ../../armsys.c                           0x00000000   Number         0  _get_argv_nomalloc.o ABSOLUTE
    ../../armsys.c                           0x00000000   Number         0  argv_veneer.o ABSOLUTE
    ../../armsys.c                           0x00000000   Number         0  argv_veneer.o ABSOLUTE
    ../../fpinit.s                           0x00000000   Number         0  fpinit.o ABSOLUTE
    ../../heapalloc.c                        0x00000000   Number         0  hrguard.o ABSOLUTE
    ../../heapaux.c                          0x00000000   Number         0  heapauxi.o ABSOLUTE
    ../../libinit.s                          0x00000000   Number         0  libshutdown2.o ABSOLUTE
    ../../libinit.s                          0x00000000   Number         0  libinit.o ABSOLUTE
    ../../libinit.s                          0x00000000   Number         0  libinit2.o ABSOLUTE
    ../../libinit.s                          0x00000000   Number         0  libshutdown.o ABSOLUTE
    ../../misc.s                             0x00000000   Number         0  printf_stubs.o ABSOLUTE
    ../../printf.c                           0x00000000   Number         0  _sputc.o ABSOLUTE
    ../../printf.c                           0x00000000   Number         0  __printf_nopercent.o ABSOLUTE
    ../../printf.c                           0x00000000   Number         0  __printf_flags_wp.o ABSOLUTE
    ../../printf.c                           0x00000000   Number         0  __2snprintf.o ABSOLUTE
    ../../printf.c                           0x00000000   Number         0  noretval__2snprintf.o ABSOLUTE
    ../../printf.c                           0x00000000   Number         0  __printf.o ABSOLUTE
    ../../printf.c                           0x00000000   Number         0  _printf_pad.o ABSOLUTE
    ../../printf.c                           0x00000000   Number         0  _printf_dec.o ABSOLUTE
    ../../printf.c                           0x00000000   Number         0  __printf_flags.o ABSOLUTE
    ../../printf.c                           0x00000000   Number         0  __printf_ss.o ABSOLUTE
    ../../printf.c                           0x00000000   Number         0  __printf_flags_ss.o ABSOLUTE
    ../../printf.c                           0x00000000   Number         0  __printf_wp.o ABSOLUTE
    ../../printf.c                           0x00000000   Number         0  _snputc.o ABSOLUTE
    ../../printf.c                           0x00000000   Number         0  __printf_ss_wp.o ABSOLUTE
    ../../printf.c                           0x00000000   Number         0  __printf_flags_ss_wp.o ABSOLUTE
    ../../printf.c                           0x00000000   Number         0  _printf_intcommon.o ABSOLUTE
    ../../printf.c                           0x00000000   Number         0  _printf_char_common.o ABSOLUTE
    ../../printf_percent.s                   0x00000000   Number         0  _printf_percent.o ABSOLUTE
    ../../printf_percent.s                   0x00000000   Number         0  _printf_percent_end.o ABSOLUTE
    ../../printf_percent.s                   0x00000000   Number         0  _printf_u.o ABSOLUTE
    ../../signal.c                           0x00000000   Number         0  defsig_stak_inner.o ABSOLUTE
    ../../signal.c                           0x00000000   Number         0  defsig_rtred_inner.o ABSOLUTE
    ../../signal.c                           0x00000000   Number         0  defsig_segv_inner.o ABSOLUTE
    ../../signal.c                           0x00000000   Number         0  defsig_abrt_inner.o ABSOLUTE
    ../../signal.c                           0x00000000   Number         0  defsig_rtmem_inner.o ABSOLUTE
    ../../signal.c                           0x00000000   Number         0  defsig_fpe_inner.o ABSOLUTE
    ../../signal.c                           0x00000000   Number         0  defsig_rtmem_outer.o ABSOLUTE
    ../../signal.c                           0x00000000   Number         0  defsig_other.o ABSOLUTE
    ../../signal.c                           0x00000000   Number         0  defsig_rtmem_formal.o ABSOLUTE
    ../../signal.c                           0x00000000   Number         0  defsig_exit.o ABSOLUTE
    ../../signal.c                           0x00000000   Number         0  defsig_general.o ABSOLUTE
    ../../signal.c                           0x00000000   Number         0  __raise.o ABSOLUTE
    ../../signal.c                           0x00000000   Number         0  defsig_pvfn_inner.o ABSOLUTE
    ../../signal.c                           0x00000000   Number         0  defsig_cppl_inner.o ABSOLUTE
    ../../signal.s                           0x00000000   Number         0  defsig.o ABSOLUTE
    ../../stdlib.c                           0x00000000   Number         0  exit.o ABSOLUTE
    dc.s                                     0x00000000   Number         0  dc.o ABSOLUTE
    main.c                                   0x00000000   Number         0  main.o ABSOLUTE
    main.c                                   0x00000000   Number         0  main.o ABSOLUTE
    mcb1700_ece\GLCD_SPI_LPC1700.c           0x00000000   Number         0  glcd_spi_lpc1700.o ABSOLUTE
    mcb1700_ece\\GLCD_SPI_LPC1700.c          0x00000000   Number         0  glcd_spi_lpc1700.o ABSOLUTE
    mcb1700_ece\\system_LPC17xx.c            0x00000000   Number         0  system_lpc17xx.o ABSOLUTE
    mcb1700_ece\system_LPC17xx.c             0x00000000   Number         0  system_lpc17xx.o ABSOLUTE
    startup_LPC17xx.s                        0x00000000   Number         0  startup_lpc17xx.o ABSOLUTE
    !!!main                                  0x000000cc   Section        8  __main.o(!!!main)
    !!!scatter                               0x000000d4   Section       52  __scatter.o(!!!scatter)
    !!handler_copy                           0x00000108   Section       26  __scatter_copy.o(!!handler_copy)
    !!handler_zi                             0x00000124   Section       28  __scatter_zi.o(!!handler_zi)
    .ARM.Collect$$_printf_percent$$00000000  0x00000140   Section        0  _printf_percent.o(.ARM.Collect$$_printf_percent$$00000000)
    .ARM.Collect$$_printf_percent$$0000000A  0x00000140   Section        6  _printf_u.o(.ARM.Collect$$_printf_percent$$0000000A)
    .ARM.Collect$$_printf_percent$$00000017  0x00000146   Section        4  _printf_percent_end.o(.ARM.Collect$$_printf_percent$$00000017)
    .ARM.Collect$$libinit$$00000000          0x0000014a   Section        6  libinit.o(.ARM.Collect$$libinit$$00000000)
    .ARM.Collect$$libinit$$00000006          0x00000150   Section        0  libinit2.o(.ARM.Collect$$libinit$$00000006)
    .ARM.Collect$$libinit$$00000008          0x00000150   Section        0  libinit2.o(.ARM.Collect$$libinit$$00000008)
    .ARM.Collect$$libinit$$0000000A          0x00000150   Section        0  libinit2.o(.ARM.Collect$$libinit$$0000000A)
    .ARM.Collect$$libinit$$0000000D          0x00000150   Section        0  libinit2.o(.ARM.Collect$$libinit$$0000000D)
    .ARM.Collect$$libinit$$0000000F          0x00000150   Section        0  libinit2.o(.ARM.Collect$$libinit$$0000000F)
    .ARM.Collect$$libinit$$00000011          0x00000150   Section        0  libinit2.o(.ARM.Collect$$libinit$$00000011)
    .ARM.Collect$$libinit$$00000013          0x00000150   Section        0  libinit2.o(.ARM.Collect$$libinit$$00000013)
    .ARM.Collect$$libinit$$00000015          0x00000150   Section        0  libinit2.o(.ARM.Collect$$libinit$$00000015)
    .ARM.Collect$$libinit$$00000017          0x00000150   Section        0  libinit2.o(.ARM.Collect$$libinit$$00000017)
    .ARM.Collect$$libinit$$00000019          0x00000150   Section        0  libinit2.o(.ARM.Collect$$libinit$$00000019)
    .ARM.Collect$$libinit$$0000001B          0x00000150   Section        0  libinit2.o(.ARM.Collect$$libinit$$0000001B)
    .ARM.Collect$$libinit$$0000001D          0x00000150   Section        0  libinit2.o(.ARM.Collect$$libinit$$0000001D)
    .ARM.Collect$$libinit$$0000001F          0x00000150   Section        0  libinit2.o(.ARM.Collect$$libinit$$0000001F)
    .ARM.Collect$$libinit$$00000021          0x00000150   Section        0  libinit2.o(.ARM.Collect$$libinit$$00000021)
    .ARM.Collect$$libinit$$00000028          0x00000150   Section        0  libinit2.o(.ARM.Collect$$libinit$$00000028)
    .ARM.Collect$$libinit$$0000002A          0x00000150   Section        0  libinit2.o(.ARM.Collect$$libinit$$0000002A)
    .ARM.Collect$$libinit$$0000002C          0x00000150   Section        0  libinit2.o(.ARM.Collect$$libinit$$0000002C)
    .ARM.Collect$$libinit$$0000002E          0x00000150   Section        0  libinit2.o(.ARM.Collect$$libinit$$0000002E)
    .ARM.Collect$$libinit$$0000002F          0x00000150   Section        2  libinit2.o(.ARM.Collect$$libinit$$0000002F)
    .ARM.Collect$$libshutdown$$00000000      0x00000152   Section        2  libshutdown.o(.ARM.Collect$$libshutdown$$00000000)
    .ARM.Collect$$libshutdown$$00000003      0x00000154   Section        0  libshutdown2.o(.ARM.Collect$$libshutdown$$00000003)
    .ARM.Collect$$libshutdown$$00000006      0x00000154   Section        0  libshutdown2.o(.ARM.Collect$$libshutdown$$00000006)
    .ARM.Collect$$libshutdown$$00000009      0x00000154   Section        0  libshutdown2.o(.ARM.Collect$$libshutdown$$00000009)
    .ARM.Collect$$libshutdown$$0000000B      0x00000154   Section        0  libshutdown2.o(.ARM.Collect$$libshutdown$$0000000B)
    .ARM.Collect$$libshutdown$$0000000E      0x00000154   Section        0  libshutdown2.o(.ARM.Collect$$libshutdown$$0000000E)
    .ARM.Collect$$libshutdown$$0000000F      0x00000154   Section        2  libshutdown2.o(.ARM.Collect$$libshutdown$$0000000F)
    .ARM.Collect$$rtentry$$00000000          0x00000156   Section        0  rtentry.o(.ARM.Collect$$rtentry$$00000000)
    .ARM.Collect$$rtentry$$00000002          0x00000156   Section        0  rtentry2.o(.ARM.Collect$$rtentry$$00000002)
    .ARM.Collect$$rtentry$$00000004          0x00000156   Section        6  rtentry4.o(.ARM.Collect$$rtentry$$00000004)
    .ARM.Collect$$rtentry$$00000009          0x0000015c   Section        0  rtentry2.o(.ARM.Collect$$rtentry$$00000009)
    .ARM.Collect$$rtentry$$0000000A          0x0000015c   Section        4  rtentry2.o(.ARM.Collect$$rtentry$$0000000A)
    .ARM.Collect$$rtentry$$0000000C          0x00000160   Section        0  rtentry2.o(.ARM.Collect$$rtentry$$0000000C)
    .ARM.Collect$$rtentry$$0000000D          0x00000160   Section        8  rtentry2.o(.ARM.Collect$$rtentry$$0000000D)
    .ARM.Collect$$rtexit$$00000000           0x00000168   Section        2  rtexit.o(.ARM.Collect$$rtexit$$00000000)
    .ARM.Collect$$rtexit$$00000002           0x0000016a   Section        0  rtexit2.o(.ARM.Collect$$rtexit$$00000002)
    .ARM.Collect$$rtexit$$00000003           0x0000016a   Section        4  rtexit2.o(.ARM.Collect$$rtexit$$00000003)
    .ARM.Collect$$rtexit$$00000004           0x0000016e   Section        6  rtexit2.o(.ARM.Collect$$rtexit$$00000004)
    .text                                    0x00000174   Section       52  startup_lpc17xx.o(.text)
    .text                                    0x000001a8   Section        0  main.o(.text)
    .text                                    0x000002b8   Section        0  noretval__2snprintf.o(.text)
    .text                                    0x000002ec   Section        0  heapauxi.o(.text)
    .text                                    0x000002f2   Section        0  _sputc.o(.text)
    .ARM.__at_0x02FC                         0x000002fc   Section        4  startup_lpc17xx.o(.ARM.__at_0x02FC)
    .text                                    0x00000300   Section        0  glcd_spi_lpc1700.o(.text)
    delay                                    0x00000301   Thumb Code    14  glcd_spi_lpc1700.o(.text)
    wr_cmd                                   0x0000030f   Thumb Code    36  glcd_spi_lpc1700.o(.text)
    wr_dat                                   0x00000333   Thumb Code    36  glcd_spi_lpc1700.o(.text)
    rd_reg                                   0x00000357   Thumb Code    60  glcd_spi_lpc1700.o(.text)
    spi_send                                 0x00000a85   Thumb Code    26  glcd_spi_lpc1700.o(.text)
    wr_dat_start                             0x00000a9f   Thumb Code    16  glcd_spi_lpc1700.o(.text)
    wr_dat_stop                              0x00000aaf   Thumb Code     8  glcd_spi_lpc1700.o(.text)
    wr_dat_only                              0x00000ab7   Thumb Code    18  glcd_spi_lpc1700.o(.text)
    wr_reg                                   0x00000ac9   Thumb Code    20  glcd_spi_lpc1700.o(.text)
    .text                                    0x00000af4   Section        0  system_lpc17xx.o(.text)
    .text                                    0x00000d10   Section        0  _printf_pad.o(.text)
    .text                                    0x00000d60   Section        0  _printf_dec.o(.text)
    .text                                    0x00000dd8   Section        0  __printf_flags_wp.o(.text)
    .text                                    0x00000f20   Section        0  _printf_intcommon.o(.text)
    .text                                    0x00000fd4   Section        0  _printf_char_common.o(.text)
    _printf_input_char                       0x00000fd5   Thumb Code    10  _printf_char_common.o(.text)
    .text                                    0x00001004   Section        0  _snputc.o(.text)
    .text                                    0x00001014   Section       74  sys_stackheap_outer.o(.text)
    .text                                    0x0000105e   Section        0  exit.o(.text)
    .text                                    0x0000106c   Section        8  libspace.o(.text)
    .text                                    0x00001074   Section        8  rt_fp_status_addr_intlibspace.o(.text)
    .text                                    0x0000107c   Section        0  sys_exit.o(.text)
    .text                                    0x00001088   Section        2  use_no_semi.o(.text)
    x$fpl$fpinit                             0x0000108a   Section       14  fpinit.o(x$fpl$fpinit)
    .constdata                               0x00001098   Section     6272  glcd_spi_lpc1700.o(.constdata)
    .constdata                               0x00002918   Section       17  __printf_flags_wp.o(.constdata)
    maptable                                 0x00002918   Data          17  __printf_flags_wp.o(.constdata)
    .data                                    0x10000000   Section        6  glcd_spi_lpc1700.o(.data)
    TextColor                                0x10000000   Data           2  glcd_spi_lpc1700.o(.data)
    BackColor                                0x10000002   Data           2  glcd_spi_lpc1700.o(.data)
    driverCode                               0x10000004   Data           2  glcd_spi_lpc1700.o(.data)
    .data                                    0x10000008   Section        4  system_lpc17xx.o(.data)
    .data                                    0x1000000c   Section        8  main.o(.data)
    .bss                                     0x10000014   Section       96  libspace.o(.bss)
    HEAP                                     0x10000078   Section        0  startup_lpc17xx.o(HEAP)
    STACK                                    0x10000078   Section      512  startup_lpc17xx.o(STACK)
    Heap_Mem                                 0x10000078   Data           0  startup_lpc17xx.o(HEAP)
    Stack_Mem                                0x10000078   Data         512  startup_lpc17xx.o(STACK)
    __initial_sp                             0x10000278   Data           0  startup_lpc17xx.o(STACK)

    Global Symbols

    Symbol Name                              Value     Ov Type        Size  Object(Section)

    BuildAttributes$$THM_ISAv4$P$D$K$B$S$PE$A:L22UL41UL21$X:L11$S22US41US21$IEEE1$IW$USESV6$~STKCKD$USESV7$~SHL$OSPACE$ROPI$EBA8$UX$STANDARDLIB$REQ8$PRES8$EABIv2 0x00000000   Number         0  anon$$obj.o ABSOLUTE
    __ARM_use_no_argv                        0x00000000   Number         0  main.o ABSOLUTE
    __Vectors                                0x00000000   Data           4  startup_lpc17xx.o(RESET)
    _printf_flags                            0x00000000   Number         0  printf_stubs.o ABSOLUTE
    _printf_return_value                     0x00000000   Number         0  printf_stubs.o ABSOLUTE
    _printf_sizespec                         0x00000000   Number         0  printf_stubs.o ABSOLUTE
    _printf_widthprec                        0x00000000   Number         0  printf_stubs.o ABSOLUTE
    __ARM_exceptions_init                     - Undefined Weak Reference
    __alloca_initialize                       - Undefined Weak Reference
    __cpp_initialize__aeabi_                  - Undefined Weak Reference
    __cxa_finalize                            - Undefined Weak Reference
    __rt_locale                               - Undefined Weak Reference
    __sigvec_lookup                           - Undefined Weak Reference
    _atexit_init                              - Undefined Weak Reference
    _call_atexit_fns                          - Undefined Weak Reference
    _clock_init                               - Undefined Weak Reference
    _fp_trap_init                             - Undefined Weak Reference
    _fp_trap_shutdown                         - Undefined Weak Reference
    _get_lc_collate                           - Undefined Weak Reference
    _get_lc_ctype                             - Undefined Weak Reference
    _get_lc_monetary                          - Undefined Weak Reference
    _get_lc_numeric                           - Undefined Weak Reference
    _get_lc_time                              - Undefined Weak Reference
    _getenv_init                              - Undefined Weak Reference
    _handle_redirection                       - Undefined Weak Reference
    _init_alloc                               - Undefined Weak Reference
    _init_user_alloc                          - Undefined Weak Reference
    _initio                                   - Undefined Weak Reference
    _printf_truncate_signed                   - Undefined Weak Reference
    _printf_truncate_unsigned                 - Undefined Weak Reference
    _rand_init                                - Undefined Weak Reference
    _signal_finish                            - Undefined Weak Reference
    _signal_init                              - Undefined Weak Reference
    _terminate_alloc                          - Undefined Weak Reference
    _terminate_user_alloc                     - Undefined Weak Reference
    _terminateio                              - Undefined Weak Reference
    __main                                   0x000000cd   Thumb Code     8  __main.o(!!!main)
    __scatterload                            0x000000d5   Thumb Code     0  __scatter.o(!!!scatter)
    __scatterload_rt2                        0x000000d5   Thumb Code    44  __scatter.o(!!!scatter)
    __scatterload_rt2_thumb_only             0x000000d5   Thumb Code     0  __scatter.o(!!!scatter)
    __scatterload_null                       0x000000e3   Thumb Code     0  __scatter.o(!!!scatter)
    __scatterload_copy                       0x00000109   Thumb Code    26  __scatter_copy.o(!!handler_copy)
    __scatterload_zeroinit                   0x00000125   Thumb Code    28  __scatter_zi.o(!!handler_zi)
    _printf_percent                          0x00000141   Thumb Code     0  _printf_percent.o(.ARM.Collect$$_printf_percent$$00000000)
    _printf_u                                0x00000141   Thumb Code     0  _printf_u.o(.ARM.Collect$$_printf_percent$$0000000A)
    _printf_percent_end                      0x00000147   Thumb Code     0  _printf_percent_end.o(.ARM.Collect$$_printf_percent$$00000017)
    __rt_lib_init                            0x0000014b   Thumb Code     0  libinit.o(.ARM.Collect$$libinit$$00000000)
    __rt_lib_init_alloca_1                   0x00000151   Thumb Code     0  libinit2.o(.ARM.Collect$$libinit$$0000002A)
    __rt_lib_init_argv_1                     0x00000151   Thumb Code     0  libinit2.o(.ARM.Collect$$libinit$$00000028)
    __rt_lib_init_atexit_1                   0x00000151   Thumb Code     0  libinit2.o(.ARM.Collect$$libinit$$00000017)
    __rt_lib_init_clock_1                    0x00000151   Thumb Code     0  libinit2.o(.ARM.Collect$$libinit$$0000001D)
    __rt_lib_init_cpp_1                      0x00000151   Thumb Code     0  libinit2.o(.ARM.Collect$$libinit$$0000002E)
    __rt_lib_init_exceptions_1               0x00000151   Thumb Code     0  libinit2.o(.ARM.Collect$$libinit$$0000002C)
    __rt_lib_init_fp_trap_1                  0x00000151   Thumb Code     0  libinit2.o(.ARM.Collect$$libinit$$0000001B)
    __rt_lib_init_getenv_1                   0x00000151   Thumb Code     0  libinit2.o(.ARM.Collect$$libinit$$0000001F)
    __rt_lib_init_heap_1                     0x00000151   Thumb Code     0  libinit2.o(.ARM.Collect$$libinit$$00000006)
    __rt_lib_init_lc_collate_1               0x00000151   Thumb Code     0  libinit2.o(.ARM.Collect$$libinit$$0000000D)
    __rt_lib_init_lc_ctype_1                 0x00000151   Thumb Code     0  libinit2.o(.ARM.Collect$$libinit$$0000000F)
    __rt_lib_init_lc_monetary_1              0x00000151   Thumb Code     0  libinit2.o(.ARM.Collect$$libinit$$00000011)
    __rt_lib_init_lc_numeric_1               0x00000151   Thumb Code     0  libinit2.o(.ARM.Collect$$libinit$$00000013)
    __rt_lib_init_lc_time_1                  0x00000151   Thumb Code     0  libinit2.o(.ARM.Collect$$libinit$$00000015)
    __rt_lib_init_rand_1                     0x00000151   Thumb Code     0  libinit2.o(.ARM.Collect$$libinit$$0000000A)
    __rt_lib_init_return                     0x00000151   Thumb Code     0  libinit2.o(.ARM.Collect$$libinit$$0000002F)
    __rt_lib_init_signal_1                   0x00000151   Thumb Code     0  libinit2.o(.ARM.Collect$$libinit$$00000019)
    __rt_lib_init_stdio_1                    0x00000151   Thumb Code     0  libinit2.o(.ARM.Collect$$libinit$$00000021)
    __rt_lib_init_user_alloc_1               0x00000151   Thumb Code     0  libinit2.o(.ARM.Collect$$libinit$$00000008)
    __rt_lib_shutdown                        0x00000153   Thumb Code     0  libshutdown.o(.ARM.Collect$$libshutdown$$00000000)
    __rt_lib_shutdown_fp_trap_1              0x00000155   Thumb Code     0  libshutdown2.o(.ARM.Collect$$libshutdown$$00000006)
    __rt_lib_shutdown_heap_1                 0x00000155   Thumb Code     0  libshutdown2.o(.ARM.Collect$$libshutdown$$0000000E)
    __rt_lib_shutdown_return                 0x00000155   Thumb Code     0  libshutdown2.o(.ARM.Collect$$libshutdown$$0000000F)
    __rt_lib_shutdown_signal_1               0x00000155   Thumb Code     0  libshutdown2.o(.ARM.Collect$$libshutdown$$00000009)
    __rt_lib_shutdown_stdio_1                0x00000155   Thumb Code     0  libshutdown2.o(.ARM.Collect$$libshutdown$$00000003)
    __rt_lib_shutdown_user_alloc_1           0x00000155   Thumb Code     0  libshutdown2.o(.ARM.Collect$$libshutdown$$0000000B)
    __rt_entry                               0x00000157   Thumb Code     0  rtentry.o(.ARM.Collect$$rtentry$$00000000)
    __rt_entry_presh_1                       0x00000157   Thumb Code     0  rtentry2.o(.ARM.Collect$$rtentry$$00000002)
    __rt_entry_sh                            0x00000157   Thumb Code     0  rtentry4.o(.ARM.Collect$$rtentry$$00000004)
    __rt_entry_li                            0x0000015d   Thumb Code     0  rtentry2.o(.ARM.Collect$$rtentry$$0000000A)
    __rt_entry_postsh_1                      0x0000015d   Thumb Code     0  rtentry2.o(.ARM.Collect$$rtentry$$00000009)
    __rt_entry_main                          0x00000161   Thumb Code     0  rtentry2.o(.ARM.Collect$$rtentry$$0000000D)
    __rt_entry_postli_1                      0x00000161   Thumb Code     0  rtentry2.o(.ARM.Collect$$rtentry$$0000000C)
    __rt_exit                                0x00000169   Thumb Code     0  rtexit.o(.ARM.Collect$$rtexit$$00000000)
    __rt_exit_ls                             0x0000016b   Thumb Code     0  rtexit2.o(.ARM.Collect$$rtexit$$00000003)
    __rt_exit_prels_1                        0x0000016b   Thumb Code     0  rtexit2.o(.ARM.Collect$$rtexit$$00000002)
    __rt_exit_exit                           0x0000016f   Thumb Code     0  rtexit2.o(.ARM.Collect$$rtexit$$00000004)
    Reset_Handler                            0x00000175   Thumb Code     4  startup_lpc17xx.o(.text)
    NMI_Handler                              0x00000179   Thumb Code     2  startup_lpc17xx.o(.text)
    HardFault_Handler                        0x0000017b   Thumb Code     2  startup_lpc17xx.o(.text)
    MemManage_Handler                        0x0000017d   Thumb Code     2  startup_lpc17xx.o(.text)
    BusFault_Handler                         0x0000017f   Thumb Code     2  startup_lpc17xx.o(.text)
    UsageFault_Handler                       0x00000181   Thumb Code     2  startup_lpc17xx.o(.text)
    SVC_Handler                              0x00000183   Thumb Code     2  startup_lpc17xx.o(.text)
    DebugMon_Handler                         0x00000185   Thumb Code     2  startup_lpc17xx.o(.text)
    PendSV_Handler                           0x00000187   Thumb Code     2  startup_lpc17xx.o(.text)
    SysTick_Handler                          0x00000189   Thumb Code     2  startup_lpc17xx.o(.text)
    ADC_IRQHandler                           0x0000018b   Thumb Code     0  startup_lpc17xx.o(.text)
    BOD_IRQHandler                           0x0000018b   Thumb Code     0  startup_lpc17xx.o(.text)
    CANActivity_IRQHandler                   0x0000018b   Thumb Code     0  startup_lpc17xx.o(.text)
    CAN_IRQHandler                           0x0000018b   Thumb Code     0  startup_lpc17xx.o(.text)
    DMA_IRQHandler                           0x0000018b   Thumb Code     0  startup_lpc17xx.o(.text)
    EINT0_IRQHandler                         0x0000018b   Thumb Code     0  startup_lpc17xx.o(.text)
    EINT1_IRQHandler                         0x0000018b   Thumb Code     0  startup_lpc17xx.o(.text)
    EINT2_IRQHandler                         0x0000018b   Thumb Code     0  startup_lpc17xx.o(.text)
    EINT3_IRQHandler                         0x0000018b   Thumb Code     0  startup_lpc17xx.o(.text)
    ENET_IRQHandler                          0x0000018b   Thumb Code     0  startup_lpc17xx.o(.text)
    I2C0_IRQHandler                          0x0000018b   Thumb Code     0  startup_lpc17xx.o(.text)
    I2C1_IRQHandler                          0x0000018b   Thumb Code     0  startup_lpc17xx.o(.text)
    I2C2_IRQHandler                          0x0000018b   Thumb Code     0  startup_lpc17xx.o(.text)
    I2S_IRQHandler                           0x0000018b   Thumb Code     0  startup_lpc17xx.o(.text)
    MCPWM_IRQHandler                         0x0000018b   Thumb Code     0  startup_lpc17xx.o(.text)
    PLL0_IRQHandler                          0x0000018b   Thumb Code     0  startup_lpc17xx.o(.text)
    PLL1_IRQHandler                          0x0000018b   Thumb Code     0  startup_lpc17xx.o(.text)
    PWM1_IRQHandler                          0x0000018b   Thumb Code     0  startup_lpc17xx.o(.text)
    QEI_IRQHandler                           0x0000018b   Thumb Code     0  startup_lpc17xx.o(.text)
    RIT_IRQHandler                           0x0000018b   Thumb Code     0  startup_lpc17xx.o(.text)
    RTC_IRQHandler                           0x0000018b   Thumb Code     0  startup_lpc17xx.o(.text)
    SPI_IRQHandler                           0x0000018b   Thumb Code     0  startup_lpc17xx.o(.text)
    SSP0_IRQHandler                          0x0000018b   Thumb Code     0  startup_lpc17xx.o(.text)
    SSP1_IRQHandler                          0x0000018b   Thumb Code     0  startup_lpc17xx.o(.text)
    TIMER1_IRQHandler                        0x0000018b   Thumb Code     0  startup_lpc17xx.o(.text)
    TIMER2_IRQHandler                        0x0000018b   Thumb Code     0  startup_lpc17xx.o(.text)
    TIMER3_IRQHandler                        0x0000018b   Thumb Code     0  startup_lpc17xx.o(.text)
    UART0_IRQHandler                         0x0000018b   Thumb Code     0  startup_lpc17xx.o(.text)
    UART1_IRQHandler                         0x0000018b   Thumb Code     0  startup_lpc17xx.o(.text)
    UART2_IRQHandler                         0x0000018b   Thumb Code     0  startup_lpc17xx.o(.text)
    UART3_IRQHandler                         0x0000018b   Thumb Code     0  startup_lpc17xx.o(.text)
    USBActivity_IRQHandler                   0x0000018b   Thumb Code     0  startup_lpc17xx.o(.text)
    USB_IRQHandler                           0x0000018b   Thumb Code     0  startup_lpc17xx.o(.text)
    WDT_IRQHandler                           0x0000018b   Thumb Code     0  startup_lpc17xx.o(.text)
    __user_initial_stackheap                 0x0000018d   Thumb Code     0  startup_lpc17xx.o(.text)
    displayFormattedTime                     0x000001a9   Thumb Code    74  main.o(.text)
    runHardwareTimer                         0x000001f3   Thumb Code   100  main.o(.text)
    TIMER0_IRQHandler                        0x00000257   Thumb Code    34  main.o(.text)
    main                                     0x00000279   Thumb Code    26  main.o(.text)
    __2snprintf                              0x000002b9   Thumb Code    48  noretval__2snprintf.o(.text)
    __use_two_region_memory                  0x000002ed   Thumb Code     2  heapauxi.o(.text)
    __rt_heap_escrow$2region                 0x000002ef   Thumb Code     2  heapauxi.o(.text)
    __rt_heap_expand$2region                 0x000002f1   Thumb Code     2  heapauxi.o(.text)
    _sputc                                   0x000002f3   Thumb Code    10  _sputc.o(.text)
    GLCD_Init                                0x00000393   Thumb Code   814  glcd_spi_lpc1700.o(.text)
    GLCD_SetWindow                           0x000006c1   Thumb Code   104  glcd_spi_lpc1700.o(.text)
    GLCD_WindowMax                           0x00000729   Thumb Code    18  glcd_spi_lpc1700.o(.text)
    GLCD_PutPixel                            0x0000073b   Thumb Code    44  glcd_spi_lpc1700.o(.text)
    GLCD_SetTextColor                        0x00000767   Thumb Code     6  glcd_spi_lpc1700.o(.text)
    GLCD_SetBackColor                        0x0000076d   Thumb Code     6  glcd_spi_lpc1700.o(.text)
    GLCD_Clear                               0x00000773   Thumb Code    42  glcd_spi_lpc1700.o(.text)
    GLCD_DrawChar_U8                         0x0000079d   Thumb Code   112  glcd_spi_lpc1700.o(.text)
    GLCD_DrawChar_U16                        0x0000080d   Thumb Code   112  glcd_spi_lpc1700.o(.text)
    GLCD_DisplayChar                         0x0000087d   Thumb Code    84  glcd_spi_lpc1700.o(.text)
    GLCD_DisplayString                       0x000008d1   Thumb Code    44  glcd_spi_lpc1700.o(.text)
    GLCD_ClearLn                             0x000008fd   Thumb Code    94  glcd_spi_lpc1700.o(.text)
    GLCD_Bargraph                            0x0000095b   Thumb Code   106  glcd_spi_lpc1700.o(.text)
    GLCD_Bitmap                              0x000009c5   Thumb Code    90  glcd_spi_lpc1700.o(.text)
    GLCD_Bmp                                 0x00000a1f   Thumb Code   100  glcd_spi_lpc1700.o(.text)
    GLCD_ScrollVertical                      0x00000a83   Thumb Code     2  glcd_spi_lpc1700.o(.text)
    SystemInit                               0x00000af5   Thumb Code   476  system_lpc17xx.o(.text)
    _printf_pre_padding                      0x00000d11   Thumb Code    44  _printf_pad.o(.text)
    _printf_post_padding                     0x00000d3d   Thumb Code    36  _printf_pad.o(.text)
    _printf_int_dec                          0x00000d61   Thumb Code   102  _printf_dec.o(.text)
    __printf                                 0x00000dd9   Thumb Code   324  __printf_flags_wp.o(.text)
    _printf_int_common                       0x00000f21   Thumb Code   180  _printf_intcommon.o(.text)
    _printf_char_common                      0x00000fdf   Thumb Code    32  _printf_char_common.o(.text)
    _snputc                                  0x00001005   Thumb Code    16  _snputc.o(.text)
    __user_setup_stackheap                   0x00001015   Thumb Code    74  sys_stackheap_outer.o(.text)
    exit                                     0x0000105f   Thumb Code    12  exit.o(.text)
    __user_libspace                          0x0000106d   Thumb Code     8  libspace.o(.text)
    __user_perproc_libspace                  0x0000106d   Thumb Code     0  libspace.o(.text)
    __user_perthread_libspace                0x0000106d   Thumb Code     0  libspace.o(.text)
    __rt_fp_status_addr                      0x00001075   Thumb Code     8  rt_fp_status_addr_intlibspace.o(.text)
    _sys_exit                                0x0000107d   Thumb Code     8  sys_exit.o(.text)
    __I$use$semihosting                      0x00001089   Thumb Code     0  use_no_semi.o(.text)
    __use_no_semihosting_swi                 0x00001089   Thumb Code     2  use_no_semi.o(.text)
    _fp_init                                 0x0000108b   Thumb Code    14  fpinit.o(x$fpl$fpinit)
    __fplib_config_pureend_doubles           0x00001097   Thumb Code     0  fpinit.o(x$fpl$fpinit)
    Font_6x8_h                               0x00001098   Data         896  glcd_spi_lpc1700.o(.constdata)
    Font_16x24_h                             0x00001418   Data        5376  glcd_spi_lpc1700.o(.constdata)
    Region$$Table$$Base                      0x0000292c   Number         0  anon$$obj.o(Region$$Table)
    Region$$Table$$Limit                     0x0000294c   Number         0  anon$$obj.o(Region$$Table)
    SystemFrequency                          0x10000008   Data           4  system_lpc17xx.o(.data)
    elapsed_secs                             0x1000000c   Data           4  main.o(.data)
    updateClock                              0x10000010   Data           4  main.o(.data)
    __libspace_start                         0x10000014   Data          96  libspace.o(.bss)
    __temporary_stack_top$libspace           0x10000074   Data           0  libspace.o(.bss)



==============================================================================

Memory Map of the image

  Image Entry point : 0x00000175

  Load Region LR_1 (Base: 0x00000000, Size: 0x00002960, Max: 0xffffffff, ABSOLUTE)

    Execution Region ER_RO (Base: 0x00000000, Size: 0x0000294c, Max: 0xffffffff, ABSOLUTE)

    Base Addr    Size         Type   Attr      Idx    E Section Name        Object

    0x00000000   0x000000cc   Data   RO            3    RESET               startup_lpc17xx.o
    0x000000cc   0x00000008   Code   RO          156  * !!!main             c_w.l(__main.o)
    0x000000d4   0x00000034   Code   RO          329    !!!scatter          c_w.l(__scatter.o)
    0x00000108   0x0000001a   Code   RO          331    !!handler_copy      c_w.l(__scatter_copy.o)
    0x00000122   0x00000002   PAD
    0x00000124   0x0000001c   Code   RO          333    !!handler_zi        c_w.l(__scatter_zi.o)
    0x00000140   0x00000000   Code   RO          153    .ARM.Collect$$_printf_percent$$00000000  c_w.l(_printf_percent.o)
    0x00000140   0x00000006   Code   RO          152    .ARM.Collect$$_printf_percent$$0000000A  c_w.l(_printf_u.o)
    0x00000146   0x00000004   Code   RO          168    .ARM.Collect$$_printf_percent$$00000017  c_w.l(_printf_percent_end.o)
    0x0000014a   0x00000006   Code   RO          199    .ARM.Collect$$libinit$$00000000  c_w.l(libinit.o)
    0x00000150   0x00000000   Code   RO          207    .ARM.Collect$$libinit$$00000006  c_w.l(libinit2.o)
    0x00000150   0x00000000   Code   RO          209    .ARM.Collect$$libinit$$00000008  c_w.l(libinit2.o)
    0x00000150   0x00000000   Code   RO          211    .ARM.Collect$$libinit$$0000000A  c_w.l(libinit2.o)
    0x00000150   0x00000000   Code   RO          214    .ARM.Collect$$libinit$$0000000D  c_w.l(libinit2.o)
    0x00000150   0x00000000   Code   RO          216    .ARM.Collect$$libinit$$0000000F  c_w.l(libinit2.o)
    0x00000150   0x00000000   Code   RO          218    .ARM.Collect$$libinit$$00000011  c_w.l(libinit2.o)
    0x00000150   0x00000000   Code   RO          220    .ARM.Collect$$libinit$$00000013  c_w.l(libinit2.o)
    0x00000150   0x00000000   Code   RO          222    .ARM.Collect$$libinit$$00000015  c_w.l(libinit2.o)
    0x00000150   0x00000000   Code   RO          224    .ARM.Collect$$libinit$$00000017  c_w.l(libinit2.o)
    0x00000150   0x00000000   Code   RO          226    .ARM.Collect$$libinit$$00000019  c_w.l(libinit2.o)
    0x00000150   0x00000000   Code   RO          228    .ARM.Collect$$libinit$$0000001B  c_w.l(libinit2.o)
    0x00000150   0x00000000   Code   RO          230    .ARM.Collect$$libinit$$0000001D  c_w.l(libinit2.o)
    0x00000150   0x00000000   Code   RO          232    .ARM.Collect$$libinit$$0000001F  c_w.l(libinit2.o)
    0x00000150   0x00000000   Code   RO          234    .ARM.Collect$$libinit$$00000021  c_w.l(libinit2.o)
    0x00000150   0x00000000   Code   RO          238    .ARM.Collect$$libinit$$00000028  c_w.l(libinit2.o)
    0x00000150   0x00000000   Code   RO          240    .ARM.Collect$$libinit$$0000002A  c_w.l(libinit2.o)
    0x00000150   0x00000000   Code   RO          242    .ARM.Collect$$libinit$$0000002C  c_w.l(libinit2.o)
    0x00000150   0x00000000   Code   RO          244    .ARM.Collect$$libinit$$0000002E  c_w.l(libinit2.o)
    0x00000150   0x00000002   Code   RO          245    .ARM.Collect$$libinit$$0000002F  c_w.l(libinit2.o)
    0x00000152   0x00000002   Code   RO          271    .ARM.Collect$$libshutdown$$00000000  c_w.l(libshutdown.o)
    0x00000154   0x00000000   Code   RO          284    .ARM.Collect$$libshutdown$$00000003  c_w.l(libshutdown2.o)
    0x00000154   0x00000000   Code   RO          287    .ARM.Collect$$libshutdown$$00000006  c_w.l(libshutdown2.o)
    0x00000154   0x00000000   Code   RO          290    .ARM.Collect$$libshutdown$$00000009  c_w.l(libshutdown2.o)
    0x00000154   0x00000000   Code   RO          292    .ARM.Collect$$libshutdown$$0000000B  c_w.l(libshutdown2.o)
    0x00000154   0x00000000   Code   RO          295    .ARM.Collect$$libshutdown$$0000000E  c_w.l(libshutdown2.o)
    0x00000154   0x00000002   Code   RO          296    .ARM.Collect$$libshutdown$$0000000F  c_w.l(libshutdown2.o)
    0x00000156   0x00000000   Code   RO          158    .ARM.Collect$$rtentry$$00000000  c_w.l(rtentry.o)
    0x00000156   0x00000000   Code   RO          170    .ARM.Collect$$rtentry$$00000002  c_w.l(rtentry2.o)
    0x00000156   0x00000006   Code   RO          185    .ARM.Collect$$rtentry$$00000004  c_w.l(rtentry4.o)
    0x0000015c   0x00000000   Code   RO          172    .ARM.Collect$$rtentry$$00000009  c_w.l(rtentry2.o)
    0x0000015c   0x00000004   Code   RO          173    .ARM.Collect$$rtentry$$0000000A  c_w.l(rtentry2.o)
    0x00000160   0x00000000   Code   RO          175    .ARM.Collect$$rtentry$$0000000C  c_w.l(rtentry2.o)
    0x00000160   0x00000008   Code   RO          176    .ARM.Collect$$rtentry$$0000000D  c_w.l(rtentry2.o)
    0x00000168   0x00000002   Code   RO          203    .ARM.Collect$$rtexit$$00000000  c_w.l(rtexit.o)
    0x0000016a   0x00000000   Code   RO          249    .ARM.Collect$$rtexit$$00000002  c_w.l(rtexit2.o)
    0x0000016a   0x00000004   Code   RO          250    .ARM.Collect$$rtexit$$00000003  c_w.l(rtexit2.o)
    0x0000016e   0x00000006   Code   RO          251    .ARM.Collect$$rtexit$$00000004  c_w.l(rtexit2.o)
    0x00000174   0x00000034   Code   RO            5  * .text               startup_lpc17xx.o
    0x000001a8   0x00000110   Code   RO           93    .text               main.o
    0x000002b8   0x00000034   Code   RO          126    .text               c_w.l(noretval__2snprintf.o)
    0x000002ec   0x00000006   Code   RO          154    .text               c_w.l(heapauxi.o)
    0x000002f2   0x0000000a   Code   RO          164    .text               c_w.l(_sputc.o)
    0x000002fc   0x00000004   Code   RO            4    .ARM.__at_0x02FC    startup_lpc17xx.o
    0x00000300   0x000007f4   Code   RO           14    .text               glcd_spi_lpc1700.o
    0x00000af4   0x0000021c   Code   RO           64    .text               system_lpc17xx.o
    0x00000d10   0x00000050   Code   RO          130    .text               c_w.l(_printf_pad.o)
    0x00000d60   0x00000078   Code   RO          132    .text               c_w.l(_printf_dec.o)
    0x00000dd8   0x00000148   Code   RO          144    .text               c_w.l(__printf_flags_wp.o)
    0x00000f20   0x000000b4   Code   RO          160    .text               c_w.l(_printf_intcommon.o)
    0x00000fd4   0x00000030   Code   RO          162    .text               c_w.l(_printf_char_common.o)
    0x00001004   0x00000010   Code   RO          166    .text               c_w.l(_snputc.o)
    0x00001014   0x0000004a   Code   RO          189    .text               c_w.l(sys_stackheap_outer.o)
    0x0000105e   0x0000000c   Code   RO          191    .text               c_w.l(exit.o)
    0x0000106a   0x00000002   PAD
    0x0000106c   0x00000008   Code   RO          200    .text               c_w.l(libspace.o)
    0x00001074   0x00000008   Code   RO          259    .text               c_w.l(rt_fp_status_addr_intlibspace.o)
    0x0000107c   0x0000000c   Code   RO          263    .text               c_w.l(sys_exit.o)
    0x00001088   0x00000002   Code   RO          274    .text               c_w.l(use_no_semi.o)
    0x0000108a   0x0000000e   Code   RO          246    x$fpl$fpinit        fz_ws.l(fpinit.o)
    0x00001098   0x00001880   Data   RO           15    .constdata          glcd_spi_lpc1700.o
    0x00002918   0x00000011   Data   RO          145    .constdata          c_w.l(__printf_flags_wp.o)
    0x00002929   0x00000003   PAD
    0x0000292c   0x00000020   Data   RO          327    Region$$Table       anon$$obj.o


    Execution Region ER_RW (Base: 0x10000000, Size: 0x00000014, Max: 0xffffffff, ABSOLUTE)

    Base Addr    Size         Type   Attr      Idx    E Section Name        Object

    0x10000000   0x00000006   Data   RW           16    .data               glcd_spi_lpc1700.o
    0x10000006   0x00000002   PAD
    0x10000008   0x00000004   Data   RW           65    .data               system_lpc17xx.o
    0x1000000c   0x00000008   Data   RW           94    .data               main.o


    Execution Region ER_ZI (Base: 0x10000014, Size: 0x00000264, Max: 0xffffffff, ABSOLUTE)

    Base Addr    Size         Type   Attr      Idx    E Section Name        Object

    0x10000014   0x00000060   Zero   RW          201    .bss                c_w.l(libspace.o)
    0x10000074   0x00000004   PAD
    0x10000078   0x00000000   Zero   RW            2    HEAP                startup_lpc17xx.o
    0x10000078   0x00000200   Zero   RW            1    STACK               startup_lpc17xx.o


==============================================================================

Image component sizes


      Code (inc. data)   RO Data    RW Data    ZI Data      Debug   Object Name

      2036         56       6272          6          0      29664   glcd_spi_lpc1700.o
       272         38          0          8          0      17437   main.o
        56         22        204          0        512        904   startup_lpc17xx.o
       540         64          0          4          0        727   system_lpc17xx.o

    ----------------------------------------------------------------------
      2904        180       6508         20        512      48732   Object Totals
         0          0         32          0          0          0   (incl. Generated)
         0          0          0          2          0          0   (incl. Padding)

    ----------------------------------------------------------------------

      Code (inc. data)   RO Data    RW Data    ZI Data      Debug   Library Member Name

         8          0          0          0          0         68   __main.o
       328          4         17          0          0         92   __printf_flags_wp.o
        52          8          0          0          0          0   __scatter.o
        26          0          0          0          0          0   __scatter_copy.o
        28          0          0          0          0          0   __scatter_zi.o
        48          6          0          0          0         96   _printf_char_common.o
       120         18          0          0          0         92   _printf_dec.o
       180          0          0          0          0         88   _printf_intcommon.o
        80          0          0          0          0        108   _printf_pad.o
         0          0          0          0          0          0   _printf_percent.o
         4          0          0          0          0          0   _printf_percent_end.o
         6          0          0          0          0          0   _printf_u.o
        16          0          0          0          0         68   _snputc.o
        10          0          0          0          0         68   _sputc.o
        12          0          0          0          0         68   exit.o
         6          0          0          0          0        152   heapauxi.o
         6          0          0          0          0          0   libinit.o
         2          0          0          0          0          0   libinit2.o
         2          0          0          0          0          0   libshutdown.o
         2          0          0          0          0          0   libshutdown2.o
         8          4          0          0         96         68   libspace.o
        52          4          0          0          0         84   noretval__2snprintf.o
         8          4          0          0          0         68   rt_fp_status_addr_intlibspace.o
         0          0          0          0          0          0   rtentry.o
        12          0          0          0          0          0   rtentry2.o
         6          0          0          0          0          0   rtentry4.o
         2          0          0          0          0          0   rtexit.o
        10          0          0          0          0          0   rtexit2.o
        12          4          0          0          0         68   sys_exit.o
        74          0          0          0          0         80   sys_stackheap_outer.o
         2          0          0          0          0         68   use_no_semi.o
        14          0          0          0          0         76   fpinit.o

    ----------------------------------------------------------------------
      1140         52         20          0        100       1412   Library Totals
         4          0          3          0          4          0   (incl. Padding)

    ----------------------------------------------------------------------

      Code (inc. data)   RO Data    RW Data    ZI Data      Debug   Library Name

      1122         52         17          0         96       1336   c_w.l
        14          0          0          0          0         76   fz_ws.l

    ----------------------------------------------------------------------
      1140         52         20          0        100       1412   Library Totals

    ----------------------------------------------------------------------

==============================================================================


      Code (inc. data)   RO Data    RW Data    ZI Data      Debug   

      4044        232       6528         20        612      49104   Grand Totals
      4044        232       6528         20        612      49104   ELF Image Totals
      4044        232       6528         20          0          0   ROM Totals

==============================================================================

    Total RO  Size (Code + RO Data)                10572 (  10.32kB)
    Total RW  Size (RW Data + ZI Data)               632 (   0.62kB)
    Total ROM Size (Code + RO Data + RW Data)      10592 (  10.34kB)

==============================================================================

