<html>
<body>
<pre>
<h1>µVision Build Log</h1>
<h2>Project:</h2>
C:\Users\mwerezak\Desktop\ECE455\Lab3\bursty\bursty.uvproj
Project File Date:  07/04/2016

<h2>Output:</h2>
Build target 'LPC1768 Flash'
compiling main.c...
linking...
Program Size: Code=4570 RO-data=6518 RW-data=32 ZI-data=608  
"bursty.axf" - 0 Error(s), 0 Warning(s).
Build target 'LPC1768 Flash'
linking...
Program Size: Code=4570 RO-data=6518 RW-data=32 ZI-data=608  
"bursty.axf" - 0 Error(s), 0 Warning(s).
Load "C:\\Users\\mwerezak\\Desktop\\ECE455\\Lab3\\bursty\\bursty.AXF" 
Erase Done.
Programming Done.
Verify OK.
Clean started: Project: 'bursty'
   deleting intermediate output files for target 'LPC1768 Flash'
