<html>
<body>
<pre>
<h1>µVision Build Log</h1>
<h2>Project:</h2>
C:\Users\mwerezak\Desktop\ECE455\Lab2\morse\morse.uvproj
Project File Date:  06/09/2016

<h2>Output:</h2>
Build target 'LPC1768 Flash'
assembling startup_LPC17xx.s...
compiling main.c...
compiling GLCD_SPI_LPC1700.c...
compiling system_LPC17xx.c...
compiling led.c...
compiling morsereader.c...
compiling pushbutton.c...
compiling fsm.c...
compiling fsm_error.c...
compiling fsm_runner.c...
linking...
Program Size: Code=4308 RO-data=6544 RW-data=28 ZI-data=1892  
"morse.axf" - 0 Error(s), 0 Warning(s).
Build target 'LPC1768 Flash'
compiling main.c...
compiling morsereader.c...
linking...
Program Size: Code=4308 RO-data=6544 RW-data=28 ZI-data=1892  
"morse.axf" - 0 Error(s), 0 Warning(s).
Build target 'LPC1768 Flash'
compiling main.c...
compiling morsereader.c...
..\common\morsereader.c(142): error:  #136: struct "<unnamed>" has no field "output"
compiling fsm.c...
compiling fsm_runner.c...
Target not created
Build target 'LPC1768 Flash'
compiling main.c...
compiling morsereader.c...
..\common\morsereader.c(142): warning:  #167-D: argument of type "char *" is incompatible with parameter of type "unsigned char *"
compiling fsm.c...
compiling fsm_runner.c...
linking...
Program Size: Code=4416 RO-data=6544 RW-data=28 ZI-data=1892  
"morse.axf" - 0 Error(s), 1 Warning(s).
Build target 'LPC1768 Flash'
compiling morsereader.c...
compiling fsm_runner.c...
..\fsm\fsm_runner.c(21): warning:  #513-D: a value of type "char *" cannot be assigned to an entity of type "unsigned char *"
linking...
Program Size: Code=4416 RO-data=6544 RW-data=28 ZI-data=1892  
"morse.axf" - 0 Error(s), 1 Warning(s).
Build target 'LPC1768 Flash'
compiling morsereader.c...
..\common\morsereader.c(142): warning:  #167-D: argument of type "char *" is incompatible with parameter of type "unsigned char *"
compiling fsm_runner.c...
linking...
Program Size: Code=4416 RO-data=6544 RW-data=28 ZI-data=1892  
"morse.axf" - 0 Error(s), 1 Warning(s).
Build target 'LPC1768 Flash'
compiling morsereader.c...
linking...
Program Size: Code=4416 RO-data=6544 RW-data=28 ZI-data=1892  
"morse.axf" - 0 Error(s), 0 Warning(s).
Build target 'LPC1768 Flash'
compiling main.c...
linking...
Program Size: Code=4424 RO-data=6568 RW-data=28 ZI-data=1892  
"morse.axf" - 0 Error(s), 0 Warning(s).
Load "C:\\Users\\mwerezak\\Desktop\\ECE455\\Lab2\\morse\\morse.AXF" 
Erase Done.
Programming Done.
Verify OK.
Build target 'LPC1768 Flash'
compiling main.c...
linking...
Program Size: Code=4416 RO-data=6544 RW-data=28 ZI-data=1892  
"morse.axf" - 0 Error(s), 0 Warning(s).
Build target 'LPC1768 Flash'
compiling morsereader.c...
compiling fsm_runner.c...
linking...
Program Size: Code=4444 RO-data=6544 RW-data=28 ZI-data=1892  
"morse.axf" - 0 Error(s), 0 Warning(s).
Build target 'LPC1768 Flash'
compiling main.c...
main.c(21): error:  #165: too few arguments in function call
compiling fsm.c...
compiling fsm_runner.c...
Target not created
Build target 'LPC1768 Flash'
compiling main.c...
linking...
Program Size: Code=4468 RO-data=6548 RW-data=28 ZI-data=1892  
"morse.axf" - 0 Error(s), 0 Warning(s).
Load "C:\\Users\\mwerezak\\Desktop\\ECE455\\Lab2\\morse\\morse.AXF" 
Erase Done.
Programming Done.
Verify OK.
Build target 'LPC1768 Flash'
compiling main.c...
compiling fsm.c...
compiling fsm_runner.c...
linking...
Program Size: Code=4444 RO-data=6544 RW-data=28 ZI-data=1892  
"morse.axf" - 0 Error(s), 0 Warning(s).
Build target 'LPC1768 Flash'
linking...
Program Size: Code=4444 RO-data=6544 RW-data=28 ZI-data=1892  
"morse.axf" - 0 Error(s), 0 Warning(s).
Load "C:\\Users\\mwerezak\\Desktop\\ECE455\\Lab2\\morse\\morse.AXF" 
Erase Done.
Programming Done.
Verify OK.
Build target 'LPC1768 Flash'
compiling morsereader.c...
..\common\morsereader.c(157): error:  #44: expression must have pointer type
Target not created
Build target 'LPC1768 Flash'
compiling morsereader.c...
linking...
Program Size: Code=5016 RO-data=6544 RW-data=28 ZI-data=1892  
"morse.axf" - 0 Error(s), 0 Warning(s).
Load "C:\\Users\\mwerezak\\Desktop\\ECE455\\Lab2\\morse\\morse.AXF" 
Erase Done.
Programming Done.
Verify OK.
Build target 'LPC1768 Flash'
compiling morsereader.c...
linking...
Program Size: Code=5016 RO-data=6544 RW-data=28 ZI-data=1892  
"morse.axf" - 0 Error(s), 0 Warning(s).
Load "C:\\Users\\mwerezak\\Desktop\\ECE455\\Lab2\\morse\\morse.AXF" 
Erase Done.
Programming Done.
Verify OK.
Build target 'LPC1768 Flash'
compiling morsereader.c...
..\common\morsereader.c(158): warning:  #167-D: argument of type "char *" is incompatible with parameter of type "unsigned char *"
linking...
Program Size: Code=5016 RO-data=6544 RW-data=28 ZI-data=1892  
"morse.axf" - 0 Error(s), 1 Warning(s).
Build target 'LPC1768 Flash'
compiling morsereader.c...
..\common\morsereader.c(157): warning:  #167-D: argument of type "unsigned char *" is incompatible with parameter of type "char *restrict"
linking...
Program Size: Code=5016 RO-data=6544 RW-data=28 ZI-data=1892  
"morse.axf" - 0 Error(s), 1 Warning(s).
Build target 'LPC1768 Flash'
compiling morsereader.c...
linking...
Program Size: Code=5016 RO-data=6544 RW-data=28 ZI-data=1892  
"morse.axf" - 0 Error(s), 0 Warning(s).
Build target 'LPC1768 Flash'
linking...
Program Size: Code=5016 RO-data=6544 RW-data=28 ZI-data=1892  
"morse.axf" - 0 Error(s), 0 Warning(s).
Load "C:\\Users\\mwerezak\\Desktop\\ECE455\\Lab2\\morse\\morse.AXF" 
Erase Done.
Programming Done.
Verify OK.
Build target 'LPC1768 Flash'
compiling morsereader.c...
linking...
Program Size: Code=5032 RO-data=6544 RW-data=28 ZI-data=1892  
"morse.axf" - 0 Error(s), 0 Warning(s).
Load "C:\\Users\\mwerezak\\Desktop\\ECE455\\Lab2\\morse\\morse.AXF" 
Erase Done.
Programming Done.
Verify OK.
Build target 'LPC1768 Flash'
compiling morsereader.c...
linking...
Program Size: Code=5024 RO-data=6544 RW-data=28 ZI-data=1892  
"morse.axf" - 0 Error(s), 0 Warning(s).
Load "C:\\Users\\mwerezak\\Desktop\\ECE455\\Lab2\\morse\\morse.AXF" 
Erase Done.
Programming Done.
Verify OK.
Build target 'LPC1768 Flash'
compiling morsereader.c...
linking...
Program Size: Code=5024 RO-data=6544 RW-data=28 ZI-data=1892  
"morse.axf" - 0 Error(s), 0 Warning(s).
Load "C:\\Users\\mwerezak\\Desktop\\ECE455\\Lab2\\morse\\morse.AXF" 
Erase Done.
Programming Done.
Verify OK.
Clean started: Project: 'morse'
   deleting intermediate output files for target 'LPC1768 Flash'
