<html>
<body>
<pre>
<h1>µVision Build Log</h1>
<h2>Project:</h2>
C:\Users\mwerezak\Desktop\ECE455\Lab1\lab1.uvproj
Project File Date:  05/19/2016

<h2>Output:</h2>
Build target 'LPC1768 Flash'
linking...
Program Size: Code=2980 RO-data=6636 RW-data=12 ZI-data=612  
"lab1.axf" - 0 Error(s), 0 Warning(s).
Load "C:\\Users\\mwerezak\\Desktop\\ECE455\\Lab1\\lab1.AXF" 
Erase Done.
Programming Done.
Verify OK.
"N:\Software\Sublime2\sublime_text.exe" C:\Users\mwerezak\Desktop\ECE455\Lab1\main.c
--- Error: failed to execute '"N:\Software\Sublime2\sublime_text.exe" C:\Users\mwerezak\Desktop\ECE455\Lab1\main.c'
"N:\Software\Sublime2\sublime_text.exe" C:\Users\mwerezak\Desktop\ECE455\Lab1\main.c
--- Error: failed to execute '"N:\Software\Sublime2\sublime_text.exe" C:\Users\mwerezak\Desktop\ECE455\Lab1\main.c'
"N:\Software\Sublime2\sublime_text.exe" C:\Users\mwerezak\Desktop\ECE455\Lab1\main.c
--- Error: failed to execute '"N:\Software\Sublime2\sublime_text.exe" C:\Users\mwerezak\Desktop\ECE455\Lab1\main.c'
"N:\Software\Sublime2\sublime_text.exe" C:\Users\mwerezak\Desktop\ECE455\Lab1\main.c
Build target 'LPC1768 Flash'
compiling main.c...
main.c(23): error:  #268: declaration may not appear after executable statement in block
main.c(24): error:  #29: expected an expression
main.c(24): error:  #20: identifier "i" is undefined
main.c(27): warning:  #940-D: missing return statement at end of non-void function "software_delay"
main.c(42): warning:  #1-D: last line of file ends without a newline
Target not created
Build target 'LPC1768 Flash'
compiling main.c...
main.c(24): error:  #29: expected an expression
main.c(24): error:  #20: identifier "i" is undefined
main.c(26): warning:  #940-D: missing return statement at end of non-void function "software_delay"
main.c(41): warning:  #1-D: last line of file ends without a newline
Target not created
Build target 'LPC1768 Flash'
compiling main.c...
linking...
Program Size: Code=3020 RO-data=6596 RW-data=12 ZI-data=612  
"lab1.axf" - 0 Error(s), 0 Warning(s).
Build target 'LPC1768 Flash'
compiling main.c...
main.c(35): warning:  #223-D: function "snprintf" declared implicitly
main.c(37): warning:  #167-D: argument of type "char *" is incompatible with parameter of type "unsigned char *"
linking...
Program Size: Code=3956 RO-data=6528 RW-data=12 ZI-data=612  
"lab1.axf" - 0 Error(s), 2 Warning(s).
Build target 'LPC1768 Flash'
compiling main.c...
linking...
Program Size: Code=3028 RO-data=6588 RW-data=12 ZI-data=612  
"lab1.axf" - 0 Error(s), 0 Warning(s).
Load "C:\\Users\\mwerezak\\Desktop\\ECE455\\Lab1\\lab1.AXF" 
Erase Done.
Programming Done.
Verify OK.
Build target 'LPC1768 Flash'
compiling main.c...
linking...
Program Size: Code=3028 RO-data=6588 RW-data=12 ZI-data=612  
"lab1.axf" - 0 Error(s), 0 Warning(s).
