<html>
<body>
<pre>
<h1>µVision Build Log</h1>
<h2>Project:</h2>
C:\Users\mwerezak\Desktop\ECE455\Lab3\part1\part1.uvproj
Project File Date:  07/03/2016

<h2>Output:</h2>
Build target 'LPC1768 Flash'
assembling startup_LPC17xx.s...
compiling main.c...
compiling GLCD_SPI_LPC1700.c...
compiling system_LPC17xx.c...
compiling led.c...
compiling pushbutton.c...
compiling timer.c...
compiling debouncetest.c...
linking...
Program Size: Code=3330 RO-data=6518 RW-data=12 ZI-data=612  
"part1.axf" - 0 Error(s), 0 Warning(s).
Load "C:\\Users\\mwerezak\\Desktop\\ECE455\\Lab3\\part1\\part1.AXF" 
Erase Done.
Programming Done.
Verify OK.
Build target 'LPC1768 Flash'
compiling main.c...
linking...
Program Size: Code=3334 RO-data=6518 RW-data=12 ZI-data=612  
"part1.axf" - 0 Error(s), 0 Warning(s).
Load "C:\\Users\\mwerezak\\Desktop\\ECE455\\Lab3\\part1\\part1.AXF" 
Erase Done.
Programming Done.
Verify OK.
Clean started: Project: 'part1'
   deleting intermediate output files for target 'LPC1768 Flash'
Build target 'LPC1768 Flash'
assembling startup_LPC17xx.s...
compiling main.c...
compiling GLCD_SPI_LPC1700.c...
compiling system_LPC17xx.c...
compiling led.c...
compiling pushbutton.c...
compiling timer.c...
compiling debouncetest.c...
linking...
Program Size: Code=3334 RO-data=6518 RW-data=12 ZI-data=612  
"part1.axf" - 0 Error(s), 0 Warning(s).
Load "C:\\Users\\mwerezak\\Desktop\\ECE455\\Lab3\\part1\\part1.AXF" 
Erase Done.
Programming Done.
Verify OK.
Build target 'LPC1768 Flash'
compiling main.c...
linking...
Program Size: Code=3938 RO-data=6518 RW-data=16 ZI-data=608  
"part1.axf" - 0 Error(s), 0 Warning(s).
Load "C:\\Users\\mwerezak\\Desktop\\ECE455\\Lab3\\part1\\part1.AXF" 
Erase Done.
Programming Done.
Verify OK.
Build target 'LPC1768 Flash'
compiling main.c...
main.c(28): error:  #20: identifier "_go" is undefined
main.c(41): error:  #20: identifier "_go" is undefined
compiling timer.c...
..\common\timer.c(54): error:  #31: expression must have integral type
..\common\timer.c(56): error:  #183: type of cast must be integral
..\common\timer.c(57): error:  #20: identifier "TIMER0_IRQ" is undefined
..\common\timer.c(58): error:  #183: type of cast must be integral
..\common\timer.c(59): error:  #20: identifier "TIMER1_IRQ" is undefined
..\common\timer.c(60): error:  #183: type of cast must be integral
..\common\timer.c(61): error:  #20: identifier "TIMER2_IRQ" is undefined
..\common\timer.c(62): error:  #183: type of cast must be integral
..\common\timer.c(63): error:  #20: identifier "TIMER3_IRQ" is undefined
..\common\timer.c(66): error:  #20: identifier "TIMER0_IRQ" is undefined
..\common\timer.c(67): warning:  #1-D: last line of file ends without a newline
compiling debouncetest.c...
Target not created
Build target 'LPC1768 Flash'
compiling main.c...
main.c(28): error:  #20: identifier "_go" is undefined
main.c(41): error:  #20: identifier "_go" is undefined
compiling timer.c...
..\common\timer.c(11): error:  #20: identifier "TIMER0_IRQ" is undefined
..\common\timer.c(12): error:  #20: identifier "TIMER1_IRQ" is undefined
..\common\timer.c(40): warning:  #223-D: function "Timer_GetIRQn" declared implicitly
..\common\timer.c(40): warning:  #188-D: enumerated type mixed with another type
compiling debouncetest.c...
Target not created
Build target 'LPC1768 Flash'
compiling main.c...
main.c(28): error:  #20: identifier "_go" is undefined
main.c(41): error:  #20: identifier "_go" is undefined
compiling timer.c...
..\common\timer.c(12): error:  #20: identifier "TIMER0_IRQ" is undefined
..\common\timer.c(13): error:  #20: identifier "TIMER1_IRQ" is undefined
..\common\timer.c(41): warning:  #223-D: function "Timer_GetIRQn" declared implicitly
..\common\timer.c(41): warning:  #188-D: enumerated type mixed with another type
Target not created
Build target 'LPC1768 Flash'
compiling main.c...
main.c(28): error:  #20: identifier "_go" is undefined
main.c(41): error:  #20: identifier "_go" is undefined
compiling timer.c...
..\common\timer.c(12): error:  #20: identifier "TIMER0_IRQ" is undefined
..\common\timer.c(13): error:  #20: identifier "TIMER1_IRQ" is undefined
Target not created
Build target 'LPC1768 Flash'
compiling main.c...
main.c(35): warning:  #111-D: statement is unreachable
main.c(41): error:  #20: identifier "_go" is undefined
compiling timer.c...
..\common\timer.c(12): error:  #20: identifier "TIMER0_IRQ" is undefined
..\common\timer.c(13): error:  #20: identifier "TIMER1_IRQ" is undefined
Target not created
Build target 'LPC1768 Flash'
compiling main.c...
main.c(35): warning:  #111-D: statement is unreachable
compiling timer.c...
..\common\timer.c(12): error:  #20: identifier "TIMER0_IRQ" is undefined
..\common\timer.c(13): error:  #20: identifier "TIMER1_IRQ" is undefined
Target not created
Build target 'LPC1768 Flash'
compiling timer.c...
..\common\timer.c(12): error:  #20: identifier "TIMER0_IRQ" is undefined
..\common\timer.c(13): error:  #20: identifier "TIMER1_IRQ" is undefined
Target not created
Build target 'LPC1768 Flash'
compiling timer.c...
linking...
Program Size: Code=3992 RO-data=6516 RW-data=12 ZI-data=612  
"part1.axf" - 0 Error(s), 0 Warning(s).
Load "C:\\Users\\mwerezak\\Desktop\\ECE455\\Lab3\\part1\\part1.AXF" 
Erase Done.
Programming Done.
Verify OK.
Build target 'LPC1768 Flash'
compiling main.c...
main.c(35): warning:  #111-D: statement is unreachable
compiling timer.c...
compiling debouncetest.c...
linking...
Program Size: Code=3984 RO-data=6516 RW-data=12 ZI-data=612  
"part1.axf" - 0 Error(s), 1 Warning(s).
Build target 'LPC1768 Flash'
compiling timer.c...
..\common\timer.c(47): error:  #20: identifier "timeout" is undefined
Target not created
Build target 'LPC1768 Flash'
compiling timer.c...
linking...
Program Size: Code=4012 RO-data=6516 RW-data=12 ZI-data=612  
"part1.axf" - 0 Error(s), 0 Warning(s).
Build target 'LPC1768 Flash'
compiling main.c...
main.c(36): warning:  #111-D: statement is unreachable
linking...
Program Size: Code=4058 RO-data=6518 RW-data=20 ZI-data=612  
"part1.axf" - 0 Error(s), 1 Warning(s).
Load "C:\\Users\\mwerezak\\Desktop\\ECE455\\Lab3\\part1\\part1.AXF" 
Erase Done.
Programming Done.
Verify OK.
Build target 'LPC1768 Flash'
compiling main.c...
main.c(38): warning:  #111-D: statement is unreachable
linking...
Program Size: Code=4052 RO-data=6516 RW-data=20 ZI-data=612  
"part1.axf" - 0 Error(s), 1 Warning(s).
Load "C:\\Users\\mwerezak\\Desktop\\ECE455\\Lab3\\part1\\part1.AXF" 
Erase Done.
Programming Done.
Verify OK.
Build target 'LPC1768 Flash'
compiling main.c...
main.c(38): warning:  #111-D: statement is unreachable
compiling timer.c...
..\common\timer.c(54): warning:  #1-D: last line of file ends without a newline
compiling debouncetest.c...
linking...
Program Size: Code=4102 RO-data=6518 RW-data=20 ZI-data=612  
"part1.axf" - 0 Error(s), 2 Warning(s).
Build target 'LPC1768 Flash'
compiling timer.c...
linking...
Program Size: Code=4102 RO-data=6518 RW-data=20 ZI-data=612  
"part1.axf" - 0 Error(s), 0 Warning(s).
Load "C:\\Users\\mwerezak\\Desktop\\ECE455\\Lab3\\part1\\part1.AXF" 
Erase Done.
Programming Done.
Verify OK.
Build target 'LPC1768 Flash'
compiling main.c...
main.c(38): warning:  #111-D: statement is unreachable
linking...
Program Size: Code=4102 RO-data=6518 RW-data=20 ZI-data=612  
"part1.axf" - 0 Error(s), 1 Warning(s).
Build target 'LPC1768 Flash'
linking...
Program Size: Code=4102 RO-data=6518 RW-data=20 ZI-data=612  
"part1.axf" - 0 Error(s), 0 Warning(s).
Build target 'LPC1768 Flash'
linking...
Program Size: Code=4102 RO-data=6518 RW-data=20 ZI-data=612  
"part1.axf" - 0 Error(s), 0 Warning(s).
Clean started: Project: 'part1'
   deleting intermediate output files for target 'LPC1768 Flash'
Build target 'LPC1768 Flash'
assembling startup_LPC17xx.s...
compiling main.c...
main.c(38): warning:  #111-D: statement is unreachable
compiling GLCD_SPI_LPC1700.c...
compiling system_LPC17xx.c...
compiling led.c...
compiling pushbutton.c...
compiling timer.c...
compiling debouncetest.c...
linking...
Program Size: Code=4102 RO-data=6518 RW-data=20 ZI-data=612  
"part1.axf" - 0 Error(s), 1 Warning(s).
Load "C:\\Users\\mwerezak\\Desktop\\ECE455\\Lab3\\part1\\part1.AXF" 
Erase Done.
Programming Done.
Verify OK.
Build target 'LPC1768 Flash'
compiling main.c...
linking...
Program Size: Code=4128 RO-data=6516 RW-data=24 ZI-data=608  
"part1.axf" - 0 Error(s), 0 Warning(s).
Load "C:\\Users\\mwerezak\\Desktop\\ECE455\\Lab3\\part1\\part1.AXF" 
Erase Done.
Programming Done.
Verify OK.
Build target 'LPC1768 Flash'
compiling main.c...
linking...
Program Size: Code=4128 RO-data=6516 RW-data=24 ZI-data=608  
"part1.axf" - 0 Error(s), 0 Warning(s).
Load "C:\\Users\\mwerezak\\Desktop\\ECE455\\Lab3\\part1\\part1.AXF" 
Erase Done.
Programming Done.
Verify OK.
Build target 'LPC1768 Flash'
compiling main.c...
linking...
Program Size: Code=4146 RO-data=6518 RW-data=24 ZI-data=608  
"part1.axf" - 0 Error(s), 0 Warning(s).
Load "C:\\Users\\mwerezak\\Desktop\\ECE455\\Lab3\\part1\\part1.AXF" 
Erase Done.
Programming Done.
Verify OK.
Build target 'LPC1768 Flash'
compiling main.c...
linking...
Program Size: Code=4140 RO-data=6516 RW-data=24 ZI-data=608  
"part1.axf" - 0 Error(s), 0 Warning(s).
Build target 'LPC1768 Flash'
linking...
Program Size: Code=4140 RO-data=6516 RW-data=24 ZI-data=608  
"part1.axf" - 0 Error(s), 0 Warning(s).
Clean started: Project: 'part1'
   deleting intermediate output files for target 'LPC1768 Flash'
Build target 'LPC1768 Flash'
assembling startup_LPC17xx.s...
compiling main.c...
compiling GLCD_SPI_LPC1700.c...
compiling system_LPC17xx.c...
compiling led.c...
compiling pushbutton.c...
compiling timer.c...
compiling debouncetest.c...
linking...
Program Size: Code=4140 RO-data=6516 RW-data=24 ZI-data=608  
"part1.axf" - 0 Error(s), 0 Warning(s).
Load "C:\\Users\\mwerezak\\Desktop\\ECE455\\Lab3\\part1\\part1.AXF" 
Erase Done.
Programming Done.
Verify OK.
Build target 'LPC1768 Flash'
compiling main.c...
linking...
Program Size: Code=4140 RO-data=6516 RW-data=24 ZI-data=608  
"part1.axf" - 0 Error(s), 0 Warning(s).
Load "C:\\Users\\mwerezak\\Desktop\\ECE455\\Lab3\\part1\\part1.AXF" 
Erase Done.
Programming Done.
Verify OK.
Clean started: Project: 'part1'
   deleting intermediate output files for target 'LPC1768 Flash'
