<html>
<body>
<pre>
<h1>µVision Build Log</h1>
<h2>Project:</h2>
C:\Users\mwerezak\Desktop\ECE455\Lab3\strict\strict.uvproj
Project File Date:  07/04/2016

<h2>Output:</h2>
Build target 'LPC1768 Flash'
assembling startup_LPC17xx.s...
compiling main.c...
main.c(26): error:  #165: too few arguments in function call
main.c(27): error:  #165: too few arguments in function call
compiling GLCD_SPI_LPC1700.c...
compiling system_LPC17xx.c...
compiling led.c...
compiling pushbutton.c...
compiling timer.c...
..\common\timer.c(22): warning:  #188-D: enumerated type mixed with another type
compiling debouncetest.c...
..\common\debouncetest.c(26): warning:  #223-D: function "GLCD_DisplayString" declared implicitly
..\common\debouncetest.c(30): warning:  #223-D: function "GLCD_DisplayString" declared implicitly
..\common\debouncetest.c(34): warning:  #223-D: function "GLCD_DisplayString" declared implicitly
Target not created
Build target 'LPC1768 Flash'
compiling main.c...
main.c(26): error:  #165: too few arguments in function call
main.c(27): error:  #165: too few arguments in function call
compiling debouncetest.c...
Target not created
Build target 'LPC1768 Flash'
compiling main.c...
compiling timer.c...
..\common\timer.c(22): warning:  #188-D: enumerated type mixed with another type
linking...
Program Size: Code=4176 RO-data=6532 RW-data=24 ZI-data=608  
"strict.axf" - 0 Error(s), 1 Warning(s).
Build target 'LPC1768 Flash'
compiling timer.c...
linking...
Program Size: Code=4172 RO-data=6516 RW-data=24 ZI-data=608  
"strict.axf" - 0 Error(s), 0 Warning(s).
Build target 'LPC1768 Flash'
compiling main.c...
compiling timer.c...
linking...
Program Size: Code=4178 RO-data=6518 RW-data=24 ZI-data=608  
"strict.axf" - 0 Error(s), 0 Warning(s).
Load "C:\\Users\\mwerezak\\Desktop\\ECE455\\Lab3\\strict\\strict.AXF" 
Erase Done.
Programming Done.
Verify OK.
Build target 'LPC1768 Flash'
compiling main.c...
main.c(89): warning:  #1-D: last line of file ends without a newline
compiling debouncetest.c...
..\common\debounce.h(17): error:  #20: identifier "LPC_TIMER" is undefined
Target not created
Build target 'LPC1768 Flash'
compiling debouncetest.c...
..\common\debounce.h(17): error:  #20: identifier "LPC_TIMER" is undefined
compiling debounce.c...
..\common\debounce.h(17): error:  #20: identifier "LPC_TIMER" is undefined
Target not created
Build target 'LPC1768 Flash'
compiling debouncetest.c...
..\common\debounce.h(17): error:  #20: identifier "LPC_TIMER" is undefined
compiling debounce.c...
..\common\debounce.h(17): error:  #20: identifier "LPC_TIMER" is undefined
Target not created
Build target 'LPC1768 Flash'
compiling main.c...
main.c(89): warning:  #1-D: last line of file ends without a newline
compiling debouncetest.c...
compiling debounce.c...
linking...
Program Size: Code=3714 RO-data=6518 RW-data=32 ZI-data=608  
"strict.axf" - 0 Error(s), 1 Warning(s).
Build target 'LPC1768 Flash'
compiling main.c...
linking...
Program Size: Code=3714 RO-data=6518 RW-data=32 ZI-data=608  
"strict.axf" - 0 Error(s), 0 Warning(s).
Clean started: Project: 'strict'
   deleting intermediate output files for target 'LPC1768 Flash'
Build target 'LPC1768 Flash'
assembling startup_LPC17xx.s...
compiling main.c...
compiling GLCD_SPI_LPC1700.c...
compiling system_LPC17xx.c...
compiling led.c...
compiling pushbutton.c...
compiling timer.c...
compiling debouncetest.c...
compiling debounce.c...
linking...
Program Size: Code=3714 RO-data=6518 RW-data=32 ZI-data=608  
"strict.axf" - 0 Error(s), 0 Warning(s).
Load "C:\\Users\\mwerezak\\Desktop\\ECE455\\Lab3\\strict\\strict.AXF" 
Erase Done.
Programming Done.
Verify OK.
Clean started: Project: 'strict'
   deleting intermediate output files for target 'LPC1768 Flash'
