<html>
<body>
<pre>
<h1>µVision Build Log</h1>
<h2>Project:</h2>
C:\Users\mwerezak\Desktop\ECE455\Lab3\strict\strict.uvproj
Project File Date:  07/04/2016

<h2>Output:</h2>
Build target 'LPC1768 Flash'
assembling startup_LPC17xx.s...
compiling main.c...
compiling GLCD_SPI_LPC1700.c...
compiling system_LPC17xx.c...
compiling led.c...
compiling pushbutton.c...
compiling timer.c...
compiling debouncetest.c...
compiling debounce.c...
linking...
Program Size: Code=4478 RO-data=6518 RW-data=28 ZI-data=612  
"strict.axf" - 0 Error(s), 0 Warning(s).
Load "C:\\Users\\mwerezak\\Desktop\\ECE455\\Lab3\\strict\\strict.AXF" 
Erase Done.
Programming Done.
Verify OK.
Build target 'LPC1768 Flash'
compiling main.c...
linking...
Program Size: Code=4474 RO-data=6518 RW-data=28 ZI-data=612  
"strict.axf" - 0 Error(s), 0 Warning(s).
Load "C:\\Users\\mwerezak\\Desktop\\ECE455\\Lab3\\strict\\strict.AXF" 
Erase Done.
Programming Done.
Verify OK.
Build target 'LPC1768 Flash'
linking...
Program Size: Code=4474 RO-data=6518 RW-data=28 ZI-data=612  
"strict.axf" - 0 Error(s), 0 Warning(s).
Build target 'LPC1768 Flash'
linking...
Program Size: Code=4474 RO-data=6518 RW-data=28 ZI-data=612  
"strict.axf" - 0 Error(s), 0 Warning(s).
Load "C:\\Users\\mwerezak\\Desktop\\ECE455\\Lab3\\strict\\strict.AXF" 
Erase Done.
Programming Done.
Verify OK.
Build target 'LPC1768 Flash'
compiling main.c...
linking...
Program Size: Code=4474 RO-data=6518 RW-data=28 ZI-data=612  
"strict.axf" - 0 Error(s), 0 Warning(s).
Load "C:\\Users\\mwerezak\\Desktop\\ECE455\\Lab3\\strict\\strict.AXF" 
Erase Done.
Programming Done.
Verify OK.
Build target 'LPC1768 Flash'
compiling main.c...
linking...
Program Size: Code=4478 RO-data=6518 RW-data=28 ZI-data=612  
"strict.axf" - 0 Error(s), 0 Warning(s).
Load "C:\\Users\\mwerezak\\Desktop\\ECE455\\Lab3\\strict\\strict.AXF" 
Erase Done.
Programming Done.
Verify OK.
Clean started: Project: 'strict'
   deleting intermediate output files for target 'LPC1768 Flash'
