<html>
<body>
<pre>
<h1>µVision Build Log</h1>
<h2>Project:</h2>
C:\Users\Mike\Projects\ECE455\Lab4\edf_scheduler\edf_scheduler.uvproj
Project File Date:  07/20/2016

<h2>Output:</h2>
Build target 'edf_scheduler'
assembling startup_MPS_CM3.s...
compiling main.c...
.\FreeRTOS-Source\include\FreeRTOS.h(228): error:  #35: #error directive: If configUSE_TIMERS is set to 1 then configTIMER_TASK_PRIORITY must also be defined.
compiling edf_tasks.c...
.\FreeRTOS-Source\include\FreeRTOS.h(228): error:  #35: #error directive: If configUSE_TIMERS is set to 1 then configTIMER_TASK_PRIORITY must also be defined.
compiling tasks.c...
.\FreeRTOS-Source\include\FreeRTOS.h(228): error:  #35: #error directive: If configUSE_TIMERS is set to 1 then configTIMER_TASK_PRIORITY must also be defined.
compiling list.c...
.\FreeRTOS-Source\include\FreeRTOS.h(228): error:  #35: #error directive: If configUSE_TIMERS is set to 1 then configTIMER_TASK_PRIORITY must also be defined.
compiling queue.c...
.\FreeRTOS-Source\include\FreeRTOS.h(228): error:  #35: #error directive: If configUSE_TIMERS is set to 1 then configTIMER_TASK_PRIORITY must also be defined.
compiling port.c...
.\FreeRTOS-Source\include\FreeRTOS.h(228): error:  #35: #error directive: If configUSE_TIMERS is set to 1 then configTIMER_TASK_PRIORITY must also be defined.
compiling heap_1.c...
.\FreeRTOS-Source\include\FreeRTOS.h(228): error:  #35: #error directive: If configUSE_TIMERS is set to 1 then configTIMER_TASK_PRIORITY must also be defined.
compiling timers.c...
.\FreeRTOS-Source\include\FreeRTOS.h(228): error:  #35: #error directive: If configUSE_TIMERS is set to 1 then configTIMER_TASK_PRIORITY must also be defined.
Target not created
Build target 'edf_scheduler'
assembling startup_MPS_CM3.s...
compiling main.c...
.\FreeRTOS-Source\include\FreeRTOS.h(228): error:  #35: #error directive: If configUSE_TIMERS is set to 1 then configTIMER_TASK_PRIORITY must also be defined.
compiling edf_tasks.c...
.\FreeRTOS-Source\include\FreeRTOS.h(228): error:  #35: #error directive: If configUSE_TIMERS is set to 1 then configTIMER_TASK_PRIORITY must also be defined.
compiling tasks.c...
.\FreeRTOS-Source\include\FreeRTOS.h(228): error:  #35: #error directive: If configUSE_TIMERS is set to 1 then configTIMER_TASK_PRIORITY must also be defined.
compiling list.c...
.\FreeRTOS-Source\include\FreeRTOS.h(228): error:  #35: #error directive: If configUSE_TIMERS is set to 1 then configTIMER_TASK_PRIORITY must also be defined.
compiling queue.c...
.\FreeRTOS-Source\include\FreeRTOS.h(228): error:  #35: #error directive: If configUSE_TIMERS is set to 1 then configTIMER_TASK_PRIORITY must also be defined.
compiling port.c...
.\FreeRTOS-Source\include\FreeRTOS.h(228): error:  #35: #error directive: If configUSE_TIMERS is set to 1 then configTIMER_TASK_PRIORITY must also be defined.
compiling heap_1.c...
.\FreeRTOS-Source\include\FreeRTOS.h(228): error:  #35: #error directive: If configUSE_TIMERS is set to 1 then configTIMER_TASK_PRIORITY must also be defined.
compiling timers.c...
.\FreeRTOS-Source\include\FreeRTOS.h(228): error:  #35: #error directive: If configUSE_TIMERS is set to 1 then configTIMER_TASK_PRIORITY must also be defined.
Target not created
Build target 'edf_scheduler'
assembling startup_MPS_CM3.s...
compiling main.c...
.\FreeRTOS-Source\include\FreeRTOS.h(228): error:  #35: #error directive: If configUSE_TIMERS is set to 1 then configTIMER_TASK_PRIORITY must also be defined.
compiling edf_tasks.c...
.\FreeRTOS-Source\include\FreeRTOS.h(228): error:  #35: #error directive: If configUSE_TIMERS is set to 1 then configTIMER_TASK_PRIORITY must also be defined.
compiling tasks.c...
.\FreeRTOS-Source\include\FreeRTOS.h(228): error:  #35: #error directive: If configUSE_TIMERS is set to 1 then configTIMER_TASK_PRIORITY must also be defined.
compiling list.c...
.\FreeRTOS-Source\include\FreeRTOS.h(228): error:  #35: #error directive: If configUSE_TIMERS is set to 1 then configTIMER_TASK_PRIORITY must also be defined.
compiling queue.c...
.\FreeRTOS-Source\include\FreeRTOS.h(228): error:  #35: #error directive: If configUSE_TIMERS is set to 1 then configTIMER_TASK_PRIORITY must also be defined.
compiling port.c...
.\FreeRTOS-Source\include\FreeRTOS.h(228): error:  #35: #error directive: If configUSE_TIMERS is set to 1 then configTIMER_TASK_PRIORITY must also be defined.
compiling heap_1.c...
.\FreeRTOS-Source\include\FreeRTOS.h(228): error:  #35: #error directive: If configUSE_TIMERS is set to 1 then configTIMER_TASK_PRIORITY must also be defined.
compiling timers.c...
.\FreeRTOS-Source\include\FreeRTOS.h(228): error:  #35: #error directive: If configUSE_TIMERS is set to 1 then configTIMER_TASK_PRIORITY must also be defined.
Target not created
Build target 'edf_scheduler'
assembling startup_MPS_CM3.s...
compiling main.c...
.\FreeRTOS-Source\include\FreeRTOS.h(232): error:  #35: #error directive: If configUSE_TIMERS is set to 1 then configTIMER_QUEUE_LENGTH must also be defined.
compiling edf_tasks.c...
.\FreeRTOS-Source\include\FreeRTOS.h(232): error:  #35: #error directive: If configUSE_TIMERS is set to 1 then configTIMER_QUEUE_LENGTH must also be defined.
compiling tasks.c...
.\FreeRTOS-Source\include\FreeRTOS.h(232): error:  #35: #error directive: If configUSE_TIMERS is set to 1 then configTIMER_QUEUE_LENGTH must also be defined.
compiling list.c...
.\FreeRTOS-Source\include\FreeRTOS.h(232): error:  #35: #error directive: If configUSE_TIMERS is set to 1 then configTIMER_QUEUE_LENGTH must also be defined.
compiling queue.c...
.\FreeRTOS-Source\include\FreeRTOS.h(232): error:  #35: #error directive: If configUSE_TIMERS is set to 1 then configTIMER_QUEUE_LENGTH must also be defined.
compiling port.c...
.\FreeRTOS-Source\include\FreeRTOS.h(232): error:  #35: #error directive: If configUSE_TIMERS is set to 1 then configTIMER_QUEUE_LENGTH must also be defined.
compiling heap_1.c...
.\FreeRTOS-Source\include\FreeRTOS.h(232): error:  #35: #error directive: If configUSE_TIMERS is set to 1 then configTIMER_QUEUE_LENGTH must also be defined.
compiling timers.c...
.\FreeRTOS-Source\include\FreeRTOS.h(232): error:  #35: #error directive: If configUSE_TIMERS is set to 1 then configTIMER_QUEUE_LENGTH must also be defined.
Target not created
Build target 'edf_scheduler'
assembling startup_MPS_CM3.s...
compiling main.c...
.\FreeRTOSConfig.h(92): warning:  #47-D: incompatible redefinition of macro "configTIMER_QUEUE_LENGTH" (declared at line 89)
compiling edf_tasks.c...
.\FreeRTOSConfig.h(92): warning:  #47-D: incompatible redefinition of macro "configTIMER_QUEUE_LENGTH" (declared at line 89)
compiling tasks.c...
.\FreeRTOSConfig.h(92): warning:  #47-D: incompatible redefinition of macro "configTIMER_QUEUE_LENGTH" (declared at line 89)
compiling list.c...
.\FreeRTOSConfig.h(92): warning:  #47-D: incompatible redefinition of macro "configTIMER_QUEUE_LENGTH" (declared at line 89)
compiling queue.c...
.\FreeRTOSConfig.h(92): warning:  #47-D: incompatible redefinition of macro "configTIMER_QUEUE_LENGTH" (declared at line 89)
compiling port.c...
.\FreeRTOSConfig.h(92): warning:  #47-D: incompatible redefinition of macro "configTIMER_QUEUE_LENGTH" (declared at line 89)
compiling heap_1.c...
.\FreeRTOSConfig.h(92): warning:  #47-D: incompatible redefinition of macro "configTIMER_QUEUE_LENGTH" (declared at line 89)
compiling timers.c...
.\FreeRTOSConfig.h(92): warning:  #47-D: incompatible redefinition of macro "configTIMER_QUEUE_LENGTH" (declared at line 89)
FreeRTOS-Source\timers.c(649): error:  #29: expected an expression
Target not created
Build target 'edf_scheduler'
assembling startup_MPS_CM3.s...
compiling main.c...
compiling edf_tasks.c...
compiling tasks.c...
compiling list.c...
compiling queue.c...
compiling port.c...
compiling heap_1.c...
compiling timers.c...
linking...
Program Size: Code=6792 RO-data=224 RW-data=88 ZI-data=3048  
".\Output\edf_scheduler.axf" - 0 Error(s), 0 Warning(s).
Build target 'edf_scheduler'
assembling startup_MPS_CM3.s...
compiling main.c...
edf_tasks.h(29): error:  #20: identifier "xTimerHandle" is undefined
compiling edf_tasks.c...
edf_tasks.h(29): error:  #20: identifier "xTimerHandle" is undefined
edf_tasks.c(21): warning:  #223-D: function "xTimerCreate" declared implicitly
edf_tasks.c(128): error:  #20: identifier "xTimerHandle" is undefined
edf_tasks.c(128): error:  #147-D: declaration is incompatible with "void DoWork(void)" (declared at line 39 of "edf_tasks.h")
compiling tasks.c...
compiling list.c...
compiling queue.c...
compiling port.c...
compiling heap_1.c...
compiling timers.c...
Target not created
Build target 'edf_scheduler'
assembling startup_MPS_CM3.s...
compiling main.c...
C:\Keil\ARM\INC\Luminary\timer.h(105): error:  #20: identifier "tBoolean" is undefined
C:\Keil\ARM\INC\Luminary\timer.h(107): error:  #20: identifier "tBoolean" is undefined
C:\Keil\ARM\INC\Luminary\timer.h(111): error:  #20: identifier "tBoolean" is undefined
C:\Keil\ARM\INC\Luminary\timer.h(132): error:  #20: identifier "tBoolean" is undefined
edf_tasks.h(30): error:  #20: identifier "xTimerHandle" is undefined
compiling edf_tasks.c...
C:\Keil\ARM\INC\Luminary\timer.h(105): error:  #20: identifier "tBoolean" is undefined
C:\Keil\ARM\INC\Luminary\timer.h(107): error:  #20: identifier "tBoolean" is undefined
C:\Keil\ARM\INC\Luminary\timer.h(111): error:  #20: identifier "tBoolean" is undefined
C:\Keil\ARM\INC\Luminary\timer.h(132): error:  #20: identifier "tBoolean" is undefined
edf_tasks.h(30): error:  #20: identifier "xTimerHandle" is undefined
edf_tasks.c(21): warning:  #223-D: function "xTimerCreate" declared implicitly
edf_tasks.c(128): error:  #20: identifier "xTimerHandle" is undefined
edf_tasks.c(128): error:  #147-D: declaration is incompatible with "void DoWork(void)" (declared at line 40 of "edf_tasks.h")
compiling tasks.c...
compiling list.c...
compiling queue.c...
compiling port.c...
compiling heap_1.c...
compiling timers.c...
Target not created
Build target 'edf_scheduler'
assembling startup_MPS_CM3.s...
compiling main.c...
C:\Keil\ARM\INC\Luminary\timer.h(105): error:  #20: identifier "tBoolean" is undefined
C:\Keil\ARM\INC\Luminary\timer.h(107): error:  #20: identifier "tBoolean" is undefined
C:\Keil\ARM\INC\Luminary\timer.h(111): error:  #20: identifier "tBoolean" is undefined
C:\Keil\ARM\INC\Luminary\timer.h(132): error:  #20: identifier "tBoolean" is undefined
edf_tasks.h(31): error:  #20: identifier "xTimerHandle" is undefined
compiling edf_tasks.c...
C:\Keil\ARM\INC\Luminary\timer.h(105): error:  #20: identifier "tBoolean" is undefined
C:\Keil\ARM\INC\Luminary\timer.h(107): error:  #20: identifier "tBoolean" is undefined
C:\Keil\ARM\INC\Luminary\timer.h(111): error:  #20: identifier "tBoolean" is undefined
C:\Keil\ARM\INC\Luminary\timer.h(132): error:  #20: identifier "tBoolean" is undefined
edf_tasks.h(31): error:  #20: identifier "xTimerHandle" is undefined
edf_tasks.c(21): warning:  #223-D: function "xTimerCreate" declared implicitly
edf_tasks.c(128): error:  #20: identifier "xTimerHandle" is undefined
edf_tasks.c(128): error:  #147-D: declaration is incompatible with "void DoWork(void)" (declared at line 41 of "edf_tasks.h")
compiling tasks.c...
compiling list.c...
compiling queue.c...
compiling port.c...
compiling heap_1.c...
compiling timers.c...
Target not created
Build target 'edf_scheduler'
assembling startup_MPS_CM3.s...
compiling main.c...
C:\Keil\ARM\INC\Luminary\timer.h(105): error:  #20: identifier "tBoolean" is undefined
C:\Keil\ARM\INC\Luminary\timer.h(107): error:  #20: identifier "tBoolean" is undefined
C:\Keil\ARM\INC\Luminary\timer.h(111): error:  #20: identifier "tBoolean" is undefined
C:\Keil\ARM\INC\Luminary\timer.h(132): error:  #20: identifier "tBoolean" is undefined
edf_tasks.h(30): error:  #20: identifier "xTimerHandle" is undefined
compiling edf_tasks.c...
C:\Keil\ARM\INC\Luminary\timer.h(105): error:  #20: identifier "tBoolean" is undefined
C:\Keil\ARM\INC\Luminary\timer.h(107): error:  #20: identifier "tBoolean" is undefined
C:\Keil\ARM\INC\Luminary\timer.h(111): error:  #20: identifier "tBoolean" is undefined
C:\Keil\ARM\INC\Luminary\timer.h(132): error:  #20: identifier "tBoolean" is undefined
edf_tasks.h(30): error:  #20: identifier "xTimerHandle" is undefined
edf_tasks.c(21): warning:  #223-D: function "xTimerCreate" declared implicitly
edf_tasks.c(128): error:  #20: identifier "xTimerHandle" is undefined
edf_tasks.c(128): error:  #147-D: declaration is incompatible with "void DoWork(void)" (declared at line 40 of "edf_tasks.h")
compiling tasks.c...
compiling list.c...
compiling queue.c...
compiling port.c...
compiling heap_1.c...
compiling timers.c...
Target not created
Build target 'edf_scheduler'
assembling startup_MPS_CM3.s...
compiling main.c...
compiling edf_tasks.c...
edf_tasks.c(21): error:  #167: argument of type "TaskID" is incompatible with parameter of type "void *"
edf_tasks.c(21): warning:  #167-D: argument of type "void (*)(void)" is incompatible with parameter of type "tmrTIMER_CALLBACK"
edf_tasks.c(128): error:  #147-D: declaration is incompatible with "void DoWork(void)" (declared at line 40 of "edf_tasks.h")
compiling tasks.c...
compiling list.c...
compiling queue.c...
compiling port.c...
compiling heap_1.c...
compiling timers.c...
Target not created
Build target 'edf_scheduler'
assembling startup_MPS_CM3.s...
compiling main.c...
compiling edf_tasks.c...
edf_tasks.c(21): error:  #20: identifier "WorkDone" is undefined
edf_tasks.c(131): error:  #147-D: declaration is incompatible with "void DoWork(void)" (declared at line 45 of "edf_tasks.h")
edf_tasks.c(133): error:  #20: identifier "this" is undefined
edf_tasks.c(143): error:  #20: identifier "working" is undefined
edf_tasks.c(151): warning:  #1-D: last line of file ends without a newline
edf_tasks.c(146): warning:  #177-D: function "WorkDone" was declared but never referenced
compiling tasks.c...
compiling list.c...
compiling queue.c...
compiling port.c...
compiling heap_1.c...
compiling timers.c...
Target not created
Build target 'edf_scheduler'
assembling startup_MPS_CM3.s...
compiling main.c...
compiling edf_tasks.c...
edf_tasks.c(111): error:  #165: too few arguments in function call
edf_tasks.c(133): error:  #20: identifier "this" is undefined
edf_tasks.c(143): error:  #20: identifier "working" is undefined
edf_tasks.c(151): warning:  #1-D: last line of file ends without a newline
compiling tasks.c...
compiling list.c...
compiling queue.c...
compiling port.c...
compiling heap_1.c...
compiling timers.c...
Target not created
Build target 'edf_scheduler'
assembling startup_MPS_CM3.s...
compiling main.c...
compiling edf_tasks.c...
edf_tasks.c(111): error:  #165: too few arguments in function call
edf_tasks.c(136): error:  #20: identifier "this" is undefined
edf_tasks.c(146): error:  #20: identifier "working" is undefined
edf_tasks.c(155): warning:  #1-D: last line of file ends without a newline
compiling tasks.c...
compiling list.c...
compiling queue.c...
compiling port.c...
compiling heap_1.c...
compiling timers.c...
Target not created
Build target 'edf_scheduler'
assembling startup_MPS_CM3.s...
compiling main.c...
compiling edf_tasks.c...
edf_tasks.c(142): error:  #20: identifier "this" is undefined
edf_tasks.c(146): error:  #20: identifier "working" is undefined
edf_tasks.c(155): warning:  #1-D: last line of file ends without a newline
compiling tasks.c...
compiling list.c...
compiling queue.c...
compiling port.c...
compiling heap_1.c...
compiling timers.c...
Target not created
Build target 'edf_scheduler'
assembling startup_MPS_CM3.s...
compiling main.c...
compiling edf_tasks.c...
edf_tasks.c(146): error:  #20: identifier "working" is undefined
compiling tasks.c...
compiling list.c...
compiling queue.c...
compiling port.c...
compiling heap_1.c...
compiling timers.c...
Target not created
Build target 'edf_scheduler'
assembling startup_MPS_CM3.s...
compiling main.c...
compiling edf_tasks.c...
compiling tasks.c...
compiling list.c...
compiling queue.c...
compiling port.c...
compiling heap_1.c...
compiling timers.c...
linking...
Program Size: Code=6900 RO-data=224 RW-data=88 ZI-data=3072  
".\Output\edf_scheduler.axf" - 0 Error(s), 0 Warning(s).
Build target 'edf_scheduler'
assembling startup_MPS_CM3.s...
compiling main.c...
compiling edf_tasks.c...
compiling tasks.c...
compiling list.c...
compiling queue.c...
compiling port.c...
compiling heap_1.c...
compiling timers.c...
linking...
Program Size: Code=6900 RO-data=224 RW-data=88 ZI-data=3072  
".\Output\edf_scheduler.axf" - 0 Error(s), 0 Warning(s).
Build target 'edf_scheduler'
assembling startup_MPS_CM3.s...
compiling main.c...
compiling edf_tasks.c...
compiling tasks.c...
compiling list.c...
compiling queue.c...
compiling port.c...
compiling heap_1.c...
compiling timers.c...
linking...
Program Size: Code=6900 RO-data=224 RW-data=88 ZI-data=3072  
".\Output\edf_scheduler.axf" - 0 Error(s), 0 Warning(s).
Build target 'edf_scheduler'
assembling startup_MPS_CM3.s...
compiling main.c...
compiling edf_tasks.c...
edf_tasks.c(150): warning:  #177-D: function "WorkDone" was declared but never referenced
compiling tasks.c...
compiling list.c...
compiling queue.c...
compiling port.c...
compiling heap_1.c...
compiling timers.c...
linking...
Program Size: Code=6880 RO-data=224 RW-data=88 ZI-data=3072  
".\Output\edf_scheduler.axf" - 0 Error(s), 1 Warning(s).
Build target 'edf_scheduler'
assembling startup_MPS_CM3.s...
compiling main.c...
compiling edf_tasks.c...
edf_tasks.c(150): warning:  #177-D: function "WorkDone" was declared but never referenced
compiling tasks.c...
compiling list.c...
compiling queue.c...
compiling port.c...
compiling heap_1.c...
compiling timers.c...
linking...
Program Size: Code=6880 RO-data=224 RW-data=88 ZI-data=3072  
".\Output\edf_scheduler.axf" - 0 Error(s), 1 Warning(s).
Build target 'edf_scheduler'
assembling startup_MPS_CM3.s...
compiling main.c...
compiling edf_tasks.c...
compiling tasks.c...
compiling list.c...
compiling queue.c...
compiling port.c...
compiling heap_1.c...
compiling timers.c...
linking...
Program Size: Code=6900 RO-data=224 RW-data=88 ZI-data=3072  
".\Output\edf_scheduler.axf" - 0 Error(s), 0 Warning(s).
Build target 'edf_scheduler'
assembling startup_MPS_CM3.s...
compiling main.c...
compiling edf_tasks.c...
compiling tasks.c...
compiling list.c...
compiling queue.c...
compiling port.c...
compiling heap_1.c...
compiling timers.c...
linking...
Program Size: Code=6900 RO-data=224 RW-data=88 ZI-data=5120  
".\Output\edf_scheduler.axf" - 0 Error(s), 0 Warning(s).
Clean started: Project: 'edf_scheduler'
   deleting intermediate output files for target 'edf_scheduler'
Build target 'edf_scheduler'
assembling startup_MPS_CM3.s...
compiling main.c...
main.c(38): error:  #167: argument of type "char *" is incompatible with parameter of type "TaskID"
main.c(38): error:  #167: argument of type "int" is incompatible with parameter of type "char *"
main.c(38): error:  #165: too few arguments in function call
main.c(39): error:  #167: argument of type "char *" is incompatible with parameter of type "TaskID"
main.c(39): error:  #167: argument of type "int" is incompatible with parameter of type "char *"
main.c(39): error:  #165: too few arguments in function call
main.c(40): error:  #167: argument of type "char *" is incompatible with parameter of type "TaskID"
main.c(40): error:  #167: argument of type "int" is incompatible with parameter of type "char *"
main.c(40): error:  #165: too few arguments in function call
compiling edf_tasks.c...
edf_tasks.c(9): error:  #147-D: declaration is incompatible with "void CreateTask(TaskID, char *, int, int)" (declared at line 39 of "edf_tasks.h")
compiling tasks.c...
compiling list.c...
compiling queue.c...
compiling port.c...
compiling heap_1.c...
compiling timers.c...
Target not created
Build target 'edf_scheduler'
assembling startup_MPS_CM3.s...
compiling main.c...
compiling edf_tasks.c...
compiling tasks.c...
compiling list.c...
compiling queue.c...
compiling port.c...
compiling heap_1.c...
compiling timers.c...
linking...
Program Size: Code=6896 RO-data=224 RW-data=88 ZI-data=5120  
".\Output\edf_scheduler.axf" - 0 Error(s), 0 Warning(s).
Build target 'edf_scheduler'
assembling startup_MPS_CM3.s...
compiling main.c...
compiling edf_tasks.c...
edf_tasks.c(152): error:  #144: a value of type "void *" cannot be used to initialize an entity of type "TaskID"
compiling tasks.c...
compiling list.c...
compiling queue.c...
compiling port.c...
compiling heap_1.c...
compiling timers.c...
Target not created
Build target 'edf_scheduler'
assembling startup_MPS_CM3.s...
compiling main.c...
compiling edf_tasks.c...
edf_tasks.c(152): warning:  #223-D: function "TaskIDpvTimerGetTimerID" declared implicitly
compiling tasks.c...
compiling list.c...
compiling queue.c...
compiling port.c...
compiling heap_1.c...
compiling timers.c...
linking...
.\Output\edf_scheduler.axf: Error: L6218E: Undefined symbol TaskIDpvTimerGetTimerID (referred from edf_tasks.o).
Target not created
Build target 'edf_scheduler'
assembling startup_MPS_CM3.s...
compiling main.c...
compiling edf_tasks.c...
compiling tasks.c...
compiling list.c...
compiling queue.c...
compiling port.c...
compiling heap_1.c...
compiling timers.c...
linking...
Program Size: Code=6908 RO-data=224 RW-data=88 ZI-data=5120  
".\Output\edf_scheduler.axf" - 0 Error(s), 0 Warning(s).
Build target 'edf_scheduler'
assembling startup_MPS_CM3.s...
compiling main.c...
compiling edf_tasks.c...
compiling tasks.c...
compiling list.c...
compiling queue.c...
compiling port.c...
compiling heap_1.c...
compiling timers.c...
linking...
Program Size: Code=6896 RO-data=224 RW-data=88 ZI-data=5120  
".\Output\edf_scheduler.axf" - 0 Error(s), 0 Warning(s).
Build target 'edf_scheduler'
assembling startup_MPS_CM3.s...
compiling main.c...
compiling edf_tasks.c...
compiling tasks.c...
compiling list.c...
compiling queue.c...
compiling port.c...
compiling heap_1.c...
compiling timers.c...
linking...
Program Size: Code=6896 RO-data=224 RW-data=88 ZI-data=5120  
".\Output\edf_scheduler.axf" - 0 Error(s), 0 Warning(s).
Build target 'edf_scheduler'
assembling startup_MPS_CM3.s...
compiling main.c...
compiling edf_tasks.c...
compiling tasks.c...
compiling list.c...
compiling queue.c...
compiling port.c...
compiling heap_1.c...
compiling timers.c...
linking...
Program Size: Code=6896 RO-data=224 RW-data=88 ZI-data=3072  
".\Output\edf_scheduler.axf" - 0 Error(s), 0 Warning(s).
Build target 'edf_scheduler'
assembling startup_MPS_CM3.s...
compiling main.c...
compiling edf_tasks.c...
compiling tasks.c...
compiling list.c...
compiling queue.c...
compiling port.c...
compiling heap_1.c...
compiling timers.c...
linking...
Program Size: Code=6896 RO-data=224 RW-data=88 ZI-data=3328  
".\Output\edf_scheduler.axf" - 0 Error(s), 0 Warning(s).
Build target 'edf_scheduler'
assembling startup_MPS_CM3.s...
compiling main.c...
compiling edf_tasks.c...
compiling tasks.c...
compiling list.c...
compiling queue.c...
compiling port.c...
compiling heap_1.c...
compiling timers.c...
linking...
Program Size: Code=6896 RO-data=224 RW-data=88 ZI-data=3584  
".\Output\edf_scheduler.axf" - 0 Error(s), 0 Warning(s).
Build target 'edf_scheduler'
assembling startup_MPS_CM3.s...
compiling main.c...
compiling edf_tasks.c...
compiling tasks.c...
compiling list.c...
compiling queue.c...
compiling port.c...
compiling heap_1.c...
compiling timers.c...
linking...
Program Size: Code=6896 RO-data=224 RW-data=88 ZI-data=5120  
".\Output\edf_scheduler.axf" - 0 Error(s), 0 Warning(s).
Build target 'edf_scheduler'
assembling startup_MPS_CM3.s...
compiling main.c...
compiling edf_tasks.c...
compiling tasks.c...
compiling list.c...
compiling queue.c...
compiling port.c...
compiling heap_1.c...
compiling timers.c...
linking...
Program Size: Code=6896 RO-data=224 RW-data=88 ZI-data=5120  
".\Output\edf_scheduler.axf" - 0 Error(s), 0 Warning(s).
Build target 'edf_scheduler'
assembling startup_MPS_CM3.s...
compiling main.c...
compiling edf_tasks.c...
edf_tasks.c(22): error:  #20: identifier "deadline_period" is undefined
compiling tasks.c...
compiling list.c...
compiling queue.c...
compiling port.c...
compiling heap_1.c...
compiling timers.c...
Target not created
Build target 'edf_scheduler'
assembling startup_MPS_CM3.s...
compiling main.c...
compiling edf_tasks.c...
compiling tasks.c...
compiling list.c...
compiling queue.c...
compiling port.c...
compiling heap_1.c...
compiling timers.c...
linking...
Program Size: Code=6888 RO-data=224 RW-data=88 ZI-data=5136  
".\Output\edf_scheduler.axf" - 0 Error(s), 0 Warning(s).
Build target 'edf_scheduler'
assembling startup_MPS_CM3.s...
compiling main.c...
compiling edf_tasks.c...
compiling tasks.c...
compiling list.c...
compiling queue.c...
compiling port.c...
compiling heap_1.c...
compiling timers.c...
linking...
Program Size: Code=6892 RO-data=224 RW-data=88 ZI-data=5136  
".\Output\edf_scheduler.axf" - 0 Error(s), 0 Warning(s).
Clean started: Project: 'edf_scheduler'
   deleting intermediate output files for target 'edf_scheduler'
