<html>
<body>
<pre>
<h1>µVision Build Log</h1>
<h2>Project:</h2>
C:\Users\Mike\Projects\ECE455\Lab4\edf_scheduler\edf_scheduler.uvproj
Project File Date:  07/20/2016

<h2>Output:</h2>
Build target 'edf_scheduler'
assembling startup_MPS_CM3.s...
compiling main.c...
compiling edf_tasks.c...
edf_tasks.c(94): error:  #20: identifier "task" is undefined
edf_tasks.c(101): error:  #20: identifier "i" is undefined
compiling tasks.c...
compiling list.c...
compiling queue.c...
compiling port.c...
compiling heap_1.c...
Target not created
Build target 'edf_scheduler'
assembling startup_MPS_CM3.s...
compiling main.c...
compiling edf_tasks.c...
compiling tasks.c...
compiling list.c...
compiling queue.c...
compiling port.c...
compiling heap_1.c...
linking...
Program Size: Code=4368 RO-data=224 RW-data=72 ZI-data=2984  
".\Output\edf_scheduler.axf" - 0 Error(s), 0 Warning(s).
Build target 'edf_scheduler'
assembling startup_MPS_CM3.s...
compiling main.c...
compiling edf_tasks.c...
edf_tasks.c(83): warning:  #177-D: variable "i" was declared but never referenced
edf_tasks.c(122): error:  #20: identifier "i" is undefined
edf_tasks.c(123): warning:  #1-D: last line of file ends without a newline
compiling tasks.c...
compiling list.c...
compiling queue.c...
compiling port.c...
compiling heap_1.c...
Target not created
Build target 'edf_scheduler'
assembling startup_MPS_CM3.s...
compiling main.c...
compiling edf_tasks.c...
edf_tasks.c(124): warning:  #1-D: last line of file ends without a newline
compiling tasks.c...
compiling list.c...
compiling queue.c...
compiling port.c...
compiling heap_1.c...
linking...
Program Size: Code=4372 RO-data=224 RW-data=72 ZI-data=2984  
".\Output\edf_scheduler.axf" - 0 Error(s), 1 Warning(s).
Build target 'edf_scheduler'
assembling startup_MPS_CM3.s...
compiling main.c...
compiling edf_tasks.c...
compiling tasks.c...
compiling list.c...
compiling queue.c...
compiling port.c...
compiling heap_1.c...
linking...
Program Size: Code=4372 RO-data=224 RW-data=72 ZI-data=2984  
".\Output\edf_scheduler.axf" - 0 Error(s), 0 Warning(s).
Build target 'edf_scheduler'
linking...
Program Size: Code=4372 RO-data=224 RW-data=72 ZI-data=2984  
".\Output\edf_scheduler.axf" - 0 Error(s), 0 Warning(s).
Build target 'edf_scheduler'
assembling startup_MPS_CM3.s...
compiling main.c...
compiling edf_tasks.c...
compiling tasks.c...
compiling list.c...
compiling queue.c...
compiling port.c...
compiling heap_1.c...
linking...
Program Size: Code=4368 RO-data=224 RW-data=72 ZI-data=3000  
".\Output\edf_scheduler.axf" - 0 Error(s), 0 Warning(s).
Build target 'edf_scheduler'
assembling startup_MPS_CM3.s...
compiling main.c...
compiling edf_tasks.c...
compiling tasks.c...
compiling list.c...
compiling queue.c...
compiling port.c...
compiling heap_1.c...
linking...
Program Size: Code=4392 RO-data=224 RW-data=72 ZI-data=3008  
".\Output\edf_scheduler.axf" - 0 Error(s), 0 Warning(s).
Build target 'edf_scheduler'
assembling startup_MPS_CM3.s...
compiling main.c...
edf_tasks.h(26): error:  #65: expected a ";"
compiling edf_tasks.c...
edf_tasks.h(26): error:  #65: expected a ";"
edf_tasks.c(18): error:  #136: struct "<unnamed>" has no field "last_slack"
edf_tasks.c(105): error:  #136: struct "<unnamed>" has no field "last_slack"
compiling tasks.c...
compiling list.c...
compiling queue.c...
compiling port.c...
compiling heap_1.c...
Target not created
Build target 'edf_scheduler'
assembling startup_MPS_CM3.s...
compiling main.c...
compiling edf_tasks.c...
compiling tasks.c...
compiling list.c...
compiling queue.c...
compiling port.c...
compiling heap_1.c...
linking...
Program Size: Code=4392 RO-data=224 RW-data=72 ZI-data=3008  
".\Output\edf_scheduler.axf" - 0 Error(s), 0 Warning(s).
Build target 'edf_scheduler'
assembling startup_MPS_CM3.s...
compiling main.c...
compiling edf_tasks.c...
compiling tasks.c...
compiling list.c...
compiling queue.c...
compiling port.c...
compiling heap_1.c...
linking...
Program Size: Code=4392 RO-data=224 RW-data=72 ZI-data=3008  
".\Output\edf_scheduler.axf" - 0 Error(s), 0 Warning(s).
Build target 'edf_scheduler'
assembling startup_MPS_CM3.s...
compiling main.c...
compiling edf_tasks.c...
compiling tasks.c...
compiling list.c...
compiling queue.c...
compiling port.c...
compiling heap_1.c...
linking...
Program Size: Code=4392 RO-data=224 RW-data=72 ZI-data=3008  
".\Output\edf_scheduler.axf" - 0 Error(s), 0 Warning(s).
Build target 'edf_scheduler'
assembling startup_MPS_CM3.s...
compiling main.c...
compiling edf_tasks.c...
compiling tasks.c...
compiling list.c...
compiling queue.c...
compiling port.c...
compiling heap_1.c...
linking...
Program Size: Code=4400 RO-data=224 RW-data=72 ZI-data=3008  
".\Output\edf_scheduler.axf" - 0 Error(s), 0 Warning(s).
Build target 'edf_scheduler'
assembling startup_MPS_CM3.s...
compiling main.c...
compiling edf_tasks.c...
compiling tasks.c...
compiling list.c...
compiling queue.c...
compiling port.c...
compiling heap_1.c...
linking...
Program Size: Code=4400 RO-data=224 RW-data=72 ZI-data=3008  
".\Output\edf_scheduler.axf" - 0 Error(s), 0 Warning(s).
Build target 'edf_scheduler'
assembling startup_MPS_CM3.s...
compiling main.c...
compiling edf_tasks.c...
compiling tasks.c...
compiling list.c...
compiling queue.c...
compiling port.c...
compiling heap_1.c...
linking...
Program Size: Code=4392 RO-data=224 RW-data=72 ZI-data=3008  
".\Output\edf_scheduler.axf" - 0 Error(s), 0 Warning(s).
Build target 'edf_scheduler'
assembling startup_MPS_CM3.s...
compiling main.c...
compiling edf_tasks.c...
compiling tasks.c...
compiling list.c...
compiling queue.c...
compiling port.c...
compiling heap_1.c...
linking...
Program Size: Code=4392 RO-data=224 RW-data=72 ZI-data=3008  
".\Output\edf_scheduler.axf" - 0 Error(s), 0 Warning(s).
Clean started: Project: 'edf_scheduler'
   deleting intermediate output files for target 'edf_scheduler'
