<html>
<body>
<pre>
<h1>µVision Build Log</h1>
<h2>Project:</h2>
C:\Users\Mike\Projects\ECE455\Lab4\edf\edf_scheduler.uvproj
Project File Date:  07/19/2016

<h2>Output:</h2>
Build target 'edf_scheduler'
assembling startup_MPS_CM3.s...
compiling main.c...
compiling tasks.c...
compiling list.c...
compiling queue.c...
compiling port.c...
compiling heap_1.c...
linking...
Program Size: Code=3552 RO-data=224 RW-data=64 ZI-data=2776  
".\Output\edf_scheduler.axf" - 0 Error(s), 0 Warning(s).
